Archive member included because of file (symbol)

c:/freescale/kds_1.1.1/toolchain/bin/../lib/gcc/arm-none-eabi/4.8.0/../../../../arm-none-eabi/lib/m4/fp/v4-sp-d16\libg.a(lib_a-atexit.o)
                              c:/freescale/kds_1.1.1/toolchain/bin/../lib/gcc/arm-none-eabi/4.8.0/../../../../arm-none-eabi/lib/m4/fp/v4-sp-d16/crt0.o (atexit)
c:/freescale/kds_1.1.1/toolchain/bin/../lib/gcc/arm-none-eabi/4.8.0/../../../../arm-none-eabi/lib/m4/fp/v4-sp-d16\libg.a(lib_a-exit.o)
                              c:/freescale/kds_1.1.1/toolchain/bin/../lib/gcc/arm-none-eabi/4.8.0/../../../../arm-none-eabi/lib/m4/fp/v4-sp-d16/crt0.o (exit)
c:/freescale/kds_1.1.1/toolchain/bin/../lib/gcc/arm-none-eabi/4.8.0/../../../../arm-none-eabi/lib/m4/fp/v4-sp-d16\libg.a(lib_a-impure.o)
                              c:/freescale/kds_1.1.1/toolchain/bin/../lib/gcc/arm-none-eabi/4.8.0/../../../../arm-none-eabi/lib/m4/fp/v4-sp-d16\libg.a(lib_a-exit.o) (_global_impure_ptr)
c:/freescale/kds_1.1.1/toolchain/bin/../lib/gcc/arm-none-eabi/4.8.0/../../../../arm-none-eabi/lib/m4/fp/v4-sp-d16\libg.a(lib_a-memset.o)
                              c:/freescale/kds_1.1.1/toolchain/bin/../lib/gcc/arm-none-eabi/4.8.0/../../../../arm-none-eabi/lib/m4/fp/v4-sp-d16/crt0.o (memset)
c:/freescale/kds_1.1.1/toolchain/bin/../lib/gcc/arm-none-eabi/4.8.0/../../../../arm-none-eabi/lib/m4/fp/v4-sp-d16\libg.a(lib_a-syscalls.o)
                              c:/freescale/kds_1.1.1/toolchain/bin/../lib/gcc/arm-none-eabi/4.8.0/../../../../arm-none-eabi/lib/m4/fp/v4-sp-d16\libg.a(lib_a-exit.o) (_exit)
c:/freescale/kds_1.1.1/toolchain/bin/../lib/gcc/arm-none-eabi/4.8.0/../../../../arm-none-eabi/lib/m4/fp/v4-sp-d16\libg.a(lib_a-__atexit.o)
                              c:/freescale/kds_1.1.1/toolchain/bin/../lib/gcc/arm-none-eabi/4.8.0/../../../../arm-none-eabi/lib/m4/fp/v4-sp-d16\libg.a(lib_a-atexit.o) (__register_exitproc)
c:/freescale/kds_1.1.1/toolchain/bin/../lib/gcc/arm-none-eabi/4.8.0/../../../../arm-none-eabi/lib/m4/fp/v4-sp-d16\libg.a(lib_a-__call_atexit.o)
                              c:/freescale/kds_1.1.1/toolchain/bin/../lib/gcc/arm-none-eabi/4.8.0/../../../../arm-none-eabi/lib/m4/fp/v4-sp-d16\libg.a(lib_a-exit.o) (__call_exitprocs)
c:/freescale/kds_1.1.1/toolchain/bin/../lib/gcc/arm-none-eabi/4.8.0/../../../../arm-none-eabi/lib/m4/fp/v4-sp-d16\libg.a(lib_a-errno.o)
                              c:/freescale/kds_1.1.1/toolchain/bin/../lib/gcc/arm-none-eabi/4.8.0/../../../../arm-none-eabi/lib/m4/fp/v4-sp-d16\libg.a(lib_a-syscalls.o) (__errno)
c:/freescale/kds_1.1.1/toolchain/bin/../lib/gcc/arm-none-eabi/4.8.0/../../../../arm-none-eabi/lib/m4/fp/v4-sp-d16\libg.a(lib_a-strlen.o)
                              c:/freescale/kds_1.1.1/toolchain/bin/../lib/gcc/arm-none-eabi/4.8.0/../../../../arm-none-eabi/lib/m4/fp/v4-sp-d16\libg.a(lib_a-syscalls.o) (strlen)

Allocating common symbols
Common symbol       size              file

SR_reg              0x1               ./Static_Code/System/CPU_Init.o

Discarded input sections

 .text          0x00000000        0x0 c:/freescale/kds_1.1.1/toolchain/bin/../lib/gcc/arm-none-eabi/4.8.0/m4/fp/v4-sp-d16/crti.o
 .data          0x00000000        0x0 c:/freescale/kds_1.1.1/toolchain/bin/../lib/gcc/arm-none-eabi/4.8.0/m4/fp/v4-sp-d16/crti.o
 .bss           0x00000000        0x0 c:/freescale/kds_1.1.1/toolchain/bin/../lib/gcc/arm-none-eabi/4.8.0/m4/fp/v4-sp-d16/crti.o
 .text          0x00000000        0x0 c:/freescale/kds_1.1.1/toolchain/bin/../lib/gcc/arm-none-eabi/4.8.0/m4/fp/v4-sp-d16/crtbegin.o
 .data          0x00000000        0x0 c:/freescale/kds_1.1.1/toolchain/bin/../lib/gcc/arm-none-eabi/4.8.0/m4/fp/v4-sp-d16/crtbegin.o
 .bss           0x00000000        0x0 c:/freescale/kds_1.1.1/toolchain/bin/../lib/gcc/arm-none-eabi/4.8.0/m4/fp/v4-sp-d16/crtbegin.o
 .data.__dso_handle
                0x00000000        0x4 c:/freescale/kds_1.1.1/toolchain/bin/../lib/gcc/arm-none-eabi/4.8.0/m4/fp/v4-sp-d16/crtbegin.o
 .text          0x00000000      0x120 c:/freescale/kds_1.1.1/toolchain/bin/../lib/gcc/arm-none-eabi/4.8.0/../../../../arm-none-eabi/lib/m4/fp/v4-sp-d16/crt0.o
 .data          0x00000000        0x0 c:/freescale/kds_1.1.1/toolchain/bin/../lib/gcc/arm-none-eabi/4.8.0/../../../../arm-none-eabi/lib/m4/fp/v4-sp-d16/crt0.o
 .bss           0x00000000        0x0 c:/freescale/kds_1.1.1/toolchain/bin/../lib/gcc/arm-none-eabi/4.8.0/../../../../arm-none-eabi/lib/m4/fp/v4-sp-d16/crt0.o
 .comment       0x00000000       0x2b c:/freescale/kds_1.1.1/toolchain/bin/../lib/gcc/arm-none-eabi/4.8.0/../../../../arm-none-eabi/lib/m4/fp/v4-sp-d16/crt0.o
 .ARM.attributes
                0x00000000       0x39 c:/freescale/kds_1.1.1/toolchain/bin/../lib/gcc/arm-none-eabi/4.8.0/../../../../arm-none-eabi/lib/m4/fp/v4-sp-d16/crt0.o
 .group         0x00000000        0x8 ./Static_Code/System/CPU_Init.o
 .group         0x00000000        0x8 ./Static_Code/System/CPU_Init.o
 .group         0x00000000        0x8 ./Static_Code/System/CPU_Init.o
 .group         0x00000000        0x8 ./Static_Code/System/CPU_Init.o
 .group         0x00000000        0x8 ./Static_Code/System/CPU_Init.o
 .group         0x00000000        0x8 ./Static_Code/System/CPU_Init.o
 .group         0x00000000        0x8 ./Static_Code/System/CPU_Init.o
 .group         0x00000000        0x8 ./Static_Code/System/CPU_Init.o
 .group         0x00000000        0x8 ./Static_Code/System/CPU_Init.o
 .group         0x00000000        0x8 ./Static_Code/System/CPU_Init.o
 .group         0x00000000        0x8 ./Static_Code/System/CPU_Init.o
 .group         0x00000000        0x8 ./Static_Code/System/CPU_Init.o
 .group         0x00000000        0x8 ./Static_Code/System/CPU_Init.o
 .group         0x00000000        0x8 ./Static_Code/System/CPU_Init.o
 .group         0x00000000        0x8 ./Static_Code/System/CPU_Init.o
 .group         0x00000000        0x8 ./Static_Code/System/CPU_Init.o
 .group         0x00000000        0x8 ./Static_Code/System/CPU_Init.o
 .group         0x00000000        0x8 ./Static_Code/System/CPU_Init.o
 .group         0x00000000        0x8 ./Static_Code/System/CPU_Init.o
 .text          0x00000000        0x0 ./Static_Code/System/CPU_Init.o
 .data          0x00000000        0x0 ./Static_Code/System/CPU_Init.o
 .bss           0x00000000        0x0 ./Static_Code/System/CPU_Init.o
 .bss.SR_lock   0x00000000        0x1 ./Static_Code/System/CPU_Init.o
 .bss.ClockConfigurationID
                0x00000000        0x1 ./Static_Code/System/CPU_Init.o
 COMMON         0x00000000        0x1 ./Static_Code/System/CPU_Init.o
 .group         0x00000000        0x8 ./Static_Code/System/Peripherals_Init.o
 .group         0x00000000        0x8 ./Static_Code/System/Peripherals_Init.o
 .group         0x00000000        0x8 ./Static_Code/System/Peripherals_Init.o
 .group         0x00000000        0x8 ./Static_Code/System/Peripherals_Init.o
 .text          0x00000000        0x0 ./Static_Code/System/Peripherals_Init.o
 .data          0x00000000        0x0 ./Static_Code/System/Peripherals_Init.o
 .bss           0x00000000        0x0 ./Static_Code/System/Peripherals_Init.o
 .text.Peripherals_Init
                0x00000000        0xc ./Static_Code/System/Peripherals_Init.o
 .debug_info    0x00000000       0x92 ./Static_Code/System/Peripherals_Init.o
 .debug_abbrev  0x00000000       0x43 ./Static_Code/System/Peripherals_Init.o
 .debug_aranges
                0x00000000       0x20 ./Static_Code/System/Peripherals_Init.o
 .debug_ranges  0x00000000       0x10 ./Static_Code/System/Peripherals_Init.o
 .debug_macro   0x00000000       0x50 ./Static_Code/System/Peripherals_Init.o
 .debug_macro   0x00000000      0x850 ./Static_Code/System/Peripherals_Init.o
 .debug_macro   0x00000000      0x214 ./Static_Code/System/Peripherals_Init.o
 .debug_macro   0x00000000     0x178a ./Static_Code/System/Peripherals_Init.o
 .debug_macro   0x00000000      0x471 ./Static_Code/System/Peripherals_Init.o
 .debug_line    0x00000000      0x1c1 ./Static_Code/System/Peripherals_Init.o
 .debug_str     0x00000000     0xae30 ./Static_Code/System/Peripherals_Init.o
 .comment       0x00000000       0x2b ./Static_Code/System/Peripherals_Init.o
 .ARM.attributes
                0x00000000       0x39 ./Static_Code/System/Peripherals_Init.o
 .debug_frame   0x00000000       0x28 ./Static_Code/System/Peripherals_Init.o
 .group         0x00000000        0x8 ./Static_Code/System/Vectors.o
 .group         0x00000000        0x8 ./Static_Code/System/Vectors.o
 .group         0x00000000        0x8 ./Static_Code/System/Vectors.o
 .group         0x00000000        0x8 ./Static_Code/System/Vectors.o
 .group         0x00000000        0x8 ./Static_Code/System/Vectors.o
 .group         0x00000000        0x8 ./Static_Code/System/Vectors.o
 .group         0x00000000        0x8 ./Static_Code/System/Vectors.o
 .group         0x00000000        0x8 ./Static_Code/System/Vectors.o
 .group         0x00000000        0x8 ./Static_Code/System/Vectors.o
 .group         0x00000000        0x8 ./Static_Code/System/Vectors.o
 .group         0x00000000        0x8 ./Static_Code/System/Vectors.o
 .group         0x00000000        0x8 ./Static_Code/System/Vectors.o
 .group         0x00000000        0x8 ./Static_Code/System/Vectors.o
 .group         0x00000000        0x8 ./Static_Code/System/Vectors.o
 .group         0x00000000        0x8 ./Static_Code/System/Vectors.o
 .group         0x00000000        0x8 ./Static_Code/System/Vectors.o
 .group         0x00000000        0x8 ./Static_Code/System/Vectors.o
 .group         0x00000000        0x8 ./Static_Code/System/Vectors.o
 .group         0x00000000        0x8 ./Static_Code/System/Vectors.o
 .text          0x00000000        0x0 ./Static_Code/System/Vectors.o
 .data          0x00000000        0x0 ./Static_Code/System/Vectors.o
 .bss           0x00000000        0x0 ./Static_Code/System/Vectors.o
 .text.Unhandled_ivINT_NMI
                0x00000000       0x18 ./Static_Code/System/Vectors.o
 .text.Unhandled_ivINT_Hard_Fault
                0x00000000       0x18 ./Static_Code/System/Vectors.o
 .text.Unhandled_ivINT_Mem_Manage_Fault
                0x00000000       0x18 ./Static_Code/System/Vectors.o
 .text.Unhandled_ivINT_Bus_Fault
                0x00000000       0x18 ./Static_Code/System/Vectors.o
 .text.Unhandled_ivINT_Usage_Fault
                0x00000000       0x18 ./Static_Code/System/Vectors.o
 .text.Unhandled_ivINT_Reserved7
                0x00000000       0x18 ./Static_Code/System/Vectors.o
 .text.Unhandled_ivINT_Reserved8
                0x00000000       0x18 ./Static_Code/System/Vectors.o
 .text.Unhandled_ivINT_Reserved9
                0x00000000       0x18 ./Static_Code/System/Vectors.o
 .text.Unhandled_ivINT_Reserved10
                0x00000000       0x18 ./Static_Code/System/Vectors.o
 .text.Unhandled_ivINT_SVCall
                0x00000000       0x18 ./Static_Code/System/Vectors.o
 .text.Unhandled_ivINT_DebugMonitor
                0x00000000       0x18 ./Static_Code/System/Vectors.o
 .text.Unhandled_ivINT_Reserved13
                0x00000000       0x18 ./Static_Code/System/Vectors.o
 .text.Unhandled_ivINT_PendableSrvReq
                0x00000000       0x18 ./Static_Code/System/Vectors.o
 .text.Unhandled_ivINT_SysTick
                0x00000000       0x18 ./Static_Code/System/Vectors.o
 .text.Unhandled_ivINT_DMA0
                0x00000000       0x18 ./Static_Code/System/Vectors.o
 .text.Unhandled_ivINT_DMA1
                0x00000000       0x18 ./Static_Code/System/Vectors.o
 .text.Unhandled_ivINT_DMA2
                0x00000000       0x18 ./Static_Code/System/Vectors.o
 .text.Unhandled_ivINT_DMA3
                0x00000000       0x18 ./Static_Code/System/Vectors.o
 .text.Unhandled_ivINT_DMA4
                0x00000000       0x18 ./Static_Code/System/Vectors.o
 .text.Unhandled_ivINT_DMA5
                0x00000000       0x18 ./Static_Code/System/Vectors.o
 .text.Unhandled_ivINT_DMA6
                0x00000000       0x18 ./Static_Code/System/Vectors.o
 .text.Unhandled_ivINT_DMA7
                0x00000000       0x18 ./Static_Code/System/Vectors.o
 .text.Unhandled_ivINT_DMA8
                0x00000000       0x18 ./Static_Code/System/Vectors.o
 .text.Unhandled_ivINT_DMA9
                0x00000000       0x18 ./Static_Code/System/Vectors.o
 .text.Unhandled_ivINT_DMA10
                0x00000000       0x18 ./Static_Code/System/Vectors.o
 .text.Unhandled_ivINT_DMA11
                0x00000000       0x18 ./Static_Code/System/Vectors.o
 .text.Unhandled_ivINT_DMA12
                0x00000000       0x18 ./Static_Code/System/Vectors.o
 .text.Unhandled_ivINT_DMA13
                0x00000000       0x18 ./Static_Code/System/Vectors.o
 .text.Unhandled_ivINT_DMA14
                0x00000000       0x18 ./Static_Code/System/Vectors.o
 .text.Unhandled_ivINT_DMA15
                0x00000000       0x18 ./Static_Code/System/Vectors.o
 .text.Unhandled_ivINT_DMA_Error
                0x00000000       0x18 ./Static_Code/System/Vectors.o
 .text.Unhandled_ivINT_MCM
                0x00000000       0x18 ./Static_Code/System/Vectors.o
 .text.Unhandled_ivINT_FTFE
                0x00000000       0x18 ./Static_Code/System/Vectors.o
 .text.Unhandled_ivINT_Read_Collision
                0x00000000       0x18 ./Static_Code/System/Vectors.o
 .text.Unhandled_ivINT_LVD_LVW
                0x00000000       0x18 ./Static_Code/System/Vectors.o
 .text.Unhandled_ivINT_LLW
                0x00000000       0x18 ./Static_Code/System/Vectors.o
 .text.Unhandled_ivINT_Watchdog
                0x00000000       0x18 ./Static_Code/System/Vectors.o
 .text.Unhandled_ivINT_RNG
                0x00000000       0x18 ./Static_Code/System/Vectors.o
 .text.Unhandled_ivINT_I2C0
                0x00000000       0x18 ./Static_Code/System/Vectors.o
 .text.Unhandled_ivINT_I2C1
                0x00000000       0x18 ./Static_Code/System/Vectors.o
 .text.Unhandled_ivINT_SPI0
                0x00000000       0x18 ./Static_Code/System/Vectors.o
 .text.Unhandled_ivINT_SPI1
                0x00000000       0x18 ./Static_Code/System/Vectors.o
 .text.Unhandled_ivINT_I2S0_Tx
                0x00000000       0x18 ./Static_Code/System/Vectors.o
 .text.Unhandled_ivINT_I2S0_Rx
                0x00000000       0x18 ./Static_Code/System/Vectors.o
 .text.Unhandled_ivINT_UART0_LON
                0x00000000       0x18 ./Static_Code/System/Vectors.o
 .text.Unhandled_ivINT_UART0_RX_TX
                0x00000000       0x18 ./Static_Code/System/Vectors.o
 .text.Unhandled_ivINT_UART0_ERR
                0x00000000       0x18 ./Static_Code/System/Vectors.o
 .text.Unhandled_ivINT_UART1_RX_TX
                0x00000000       0x18 ./Static_Code/System/Vectors.o
 .text.Unhandled_ivINT_UART1_ERR
                0x00000000       0x18 ./Static_Code/System/Vectors.o
 .text.Unhandled_ivINT_UART2_RX_TX
                0x00000000       0x18 ./Static_Code/System/Vectors.o
 .text.Unhandled_ivINT_UART2_ERR
                0x00000000       0x18 ./Static_Code/System/Vectors.o
 .text.Unhandled_ivINT_UART3_RX_TX
                0x00000000       0x18 ./Static_Code/System/Vectors.o
 .text.Unhandled_ivINT_UART3_ERR
                0x00000000       0x18 ./Static_Code/System/Vectors.o
 .text.Unhandled_ivINT_ADC0
                0x00000000       0x18 ./Static_Code/System/Vectors.o
 .text.Unhandled_ivINT_CMP0
                0x00000000       0x18 ./Static_Code/System/Vectors.o
 .text.Unhandled_ivINT_CMP1
                0x00000000       0x18 ./Static_Code/System/Vectors.o
 .text.Unhandled_ivINT_FTM0
                0x00000000       0x18 ./Static_Code/System/Vectors.o
 .text.Unhandled_ivINT_FTM1
                0x00000000       0x18 ./Static_Code/System/Vectors.o
 .text.Unhandled_ivINT_FTM2
                0x00000000       0x18 ./Static_Code/System/Vectors.o
 .text.Unhandled_ivINT_CMT
                0x00000000       0x18 ./Static_Code/System/Vectors.o
 .text.Unhandled_ivINT_RTC
                0x00000000       0x18 ./Static_Code/System/Vectors.o
 .text.Unhandled_ivINT_RTC_Seconds
                0x00000000       0x18 ./Static_Code/System/Vectors.o
 .text.Unhandled_ivINT_PIT0
                0x00000000       0x18 ./Static_Code/System/Vectors.o
 .text.Unhandled_ivINT_PIT1
                0x00000000       0x18 ./Static_Code/System/Vectors.o
 .text.Unhandled_ivINT_PIT2
                0x00000000       0x18 ./Static_Code/System/Vectors.o
 .text.Unhandled_ivINT_PIT3
                0x00000000       0x18 ./Static_Code/System/Vectors.o
 .text.Unhandled_ivINT_PDB0
                0x00000000       0x18 ./Static_Code/System/Vectors.o
 .text.Unhandled_ivINT_USB0
                0x00000000       0x18 ./Static_Code/System/Vectors.o
 .text.Unhandled_ivINT_USBDCD
                0x00000000       0x18 ./Static_Code/System/Vectors.o
 .text.Unhandled_ivINT_Reserved71
                0x00000000       0x18 ./Static_Code/System/Vectors.o
 .text.Unhandled_ivINT_DAC0
                0x00000000       0x18 ./Static_Code/System/Vectors.o
 .text.Unhandled_ivINT_MCG
                0x00000000       0x18 ./Static_Code/System/Vectors.o
 .text.Unhandled_ivINT_LPTimer
                0x00000000       0x18 ./Static_Code/System/Vectors.o
 .text.Unhandled_ivINT_PORTA
                0x00000000       0x18 ./Static_Code/System/Vectors.o
 .text.Unhandled_ivINT_PORTB
                0x00000000       0x18 ./Static_Code/System/Vectors.o
 .text.Unhandled_ivINT_PORTC
                0x00000000       0x18 ./Static_Code/System/Vectors.o
 .text.Unhandled_ivINT_PORTD
                0x00000000       0x18 ./Static_Code/System/Vectors.o
 .text.Unhandled_ivINT_PORTE
                0x00000000       0x18 ./Static_Code/System/Vectors.o
 .text.Unhandled_ivINT_SWI
                0x00000000       0x18 ./Static_Code/System/Vectors.o
 .text.Unhandled_ivINT_SPI2
                0x00000000       0x18 ./Static_Code/System/Vectors.o
 .text.Unhandled_ivINT_UART4_RX_TX
                0x00000000       0x18 ./Static_Code/System/Vectors.o
 .text.Unhandled_ivINT_UART4_ERR
                0x00000000       0x18 ./Static_Code/System/Vectors.o
 .text.Unhandled_ivINT_UART5_RX_TX
                0x00000000       0x18 ./Static_Code/System/Vectors.o
 .text.Unhandled_ivINT_UART5_ERR
                0x00000000       0x18 ./Static_Code/System/Vectors.o
 .text.Unhandled_ivINT_CMP2
                0x00000000       0x18 ./Static_Code/System/Vectors.o
 .text.Unhandled_ivINT_FTM3
                0x00000000       0x18 ./Static_Code/System/Vectors.o
 .text.Unhandled_ivINT_DAC1
                0x00000000       0x18 ./Static_Code/System/Vectors.o
 .text.Unhandled_ivINT_ADC1
                0x00000000       0x18 ./Static_Code/System/Vectors.o
 .text.Unhandled_ivINT_I2C2
                0x00000000       0x18 ./Static_Code/System/Vectors.o
 .text.Unhandled_ivINT_CAN0_ORed_Message_buffer
                0x00000000       0x18 ./Static_Code/System/Vectors.o
 .text.Unhandled_ivINT_CAN0_Bus_Off
                0x00000000       0x18 ./Static_Code/System/Vectors.o
 .text.Unhandled_ivINT_CAN0_Error
                0x00000000       0x18 ./Static_Code/System/Vectors.o
 .text.Unhandled_ivINT_CAN0_Tx_Warning
                0x00000000       0x18 ./Static_Code/System/Vectors.o
 .text.Unhandled_ivINT_CAN0_Rx_Warning
                0x00000000       0x18 ./Static_Code/System/Vectors.o
 .text.Unhandled_ivINT_CAN0_Wake_Up
                0x00000000       0x18 ./Static_Code/System/Vectors.o
 .text.Unhandled_ivINT_SDHC
                0x00000000       0x18 ./Static_Code/System/Vectors.o
 .text.Unhandled_ivINT_ENET_1588_Timer
                0x00000000       0x18 ./Static_Code/System/Vectors.o
 .text.Unhandled_ivINT_ENET_Transmit
                0x00000000       0x18 ./Static_Code/System/Vectors.o
 .text.Unhandled_ivINT_ENET_Receive
                0x00000000       0x18 ./Static_Code/System/Vectors.o
 .text.Unhandled_ivINT_ENET_Error
                0x00000000       0x18 ./Static_Code/System/Vectors.o
 .debug_macro   0x00000000      0x850 ./Static_Code/System/Vectors.o
 .debug_macro   0x00000000      0x214 ./Static_Code/System/Vectors.o
 .debug_macro   0x00000000     0x178a ./Static_Code/System/Vectors.o
 .debug_macro   0x00000000      0x471 ./Static_Code/System/Vectors.o
 .debug_macro   0x00000000      0x14e ./Static_Code/System/Vectors.o
 .debug_macro   0x00000000       0x6a ./Static_Code/System/Vectors.o
 .debug_macro   0x00000000    0x10f7a ./Static_Code/System/Vectors.o
 .debug_macro   0x00000000       0x2e ./Static_Code/System/Vectors.o
 .debug_macro   0x00000000       0x2e ./Static_Code/System/Vectors.o
 .debug_macro   0x00000000       0x95 ./Static_Code/System/Vectors.o
 .debug_macro   0x00000000       0x16 ./Static_Code/System/Vectors.o
 .debug_macro   0x00000000       0x94 ./Static_Code/System/Vectors.o
 .debug_macro   0x00000000      0x12b ./Static_Code/System/Vectors.o
 .debug_macro   0x00000000       0x46 ./Static_Code/System/Vectors.o
 .debug_macro   0x00000000       0x4c ./Static_Code/System/Vectors.o
 .debug_macro   0x00000000       0x4c ./Static_Code/System/Vectors.o
 .debug_macro   0x00000000      0x4e9 ./Static_Code/System/Vectors.o
 .debug_macro   0x00000000       0x28 ./Static_Code/System/Vectors.o
 .debug_macro   0x00000000      0x295 ./Static_Code/System/Vectors.o
 .group         0x00000000        0x8 ./Sources/Events.o
 .group         0x00000000        0x8 ./Sources/Events.o
 .group         0x00000000        0x8 ./Sources/Events.o
 .group         0x00000000        0x8 ./Sources/Events.o
 .group         0x00000000        0x8 ./Sources/Events.o
 .group         0x00000000        0x8 ./Sources/Events.o
 .group         0x00000000        0x8 ./Sources/Events.o
 .group         0x00000000        0x8 ./Sources/Events.o
 .group         0x00000000        0x8 ./Sources/Events.o
 .group         0x00000000        0x8 ./Sources/Events.o
 .group         0x00000000        0x8 ./Sources/Events.o
 .group         0x00000000        0x8 ./Sources/Events.o
 .group         0x00000000        0x8 ./Sources/Events.o
 .group         0x00000000        0x8 ./Sources/Events.o
 .group         0x00000000        0x8 ./Sources/Events.o
 .group         0x00000000        0x8 ./Sources/Events.o
 .group         0x00000000        0x8 ./Sources/Events.o
 .group         0x00000000        0x8 ./Sources/Events.o
 .group         0x00000000        0x8 ./Sources/Events.o
 .group         0x00000000        0x8 ./Sources/Events.o
 .group         0x00000000        0x8 ./Sources/Events.o
 .group         0x00000000        0x8 ./Sources/Events.o
 .group         0x00000000        0x8 ./Sources/Events.o
 .group         0x00000000        0x8 ./Sources/Events.o
 .group         0x00000000        0x8 ./Sources/Events.o
 .group         0x00000000        0x8 ./Sources/Events.o
 .group         0x00000000        0x8 ./Sources/Events.o
 .group         0x00000000        0x8 ./Sources/Events.o
 .group         0x00000000        0x8 ./Sources/Events.o
 .group         0x00000000        0x8 ./Sources/Events.o
 .group         0x00000000        0x8 ./Sources/Events.o
 .group         0x00000000        0x8 ./Sources/Events.o
 .group         0x00000000        0x8 ./Sources/Events.o
 .group         0x00000000        0x8 ./Sources/Events.o
 .group         0x00000000        0x8 ./Sources/Events.o
 .group         0x00000000        0x8 ./Sources/Events.o
 .group         0x00000000        0x8 ./Sources/Events.o
 .group         0x00000000        0x8 ./Sources/Events.o
 .group         0x00000000        0x8 ./Sources/Events.o
 .group         0x00000000        0x8 ./Sources/Events.o
 .group         0x00000000        0x8 ./Sources/Events.o
 .group         0x00000000        0x8 ./Sources/Events.o
 .group         0x00000000        0x8 ./Sources/Events.o
 .group         0x00000000        0x8 ./Sources/Events.o
 .group         0x00000000        0x8 ./Sources/Events.o
 .group         0x00000000        0x8 ./Sources/Events.o
 .group         0x00000000        0x8 ./Sources/Events.o
 .group         0x00000000        0x8 ./Sources/Events.o
 .group         0x00000000        0x8 ./Sources/Events.o
 .group         0x00000000        0x8 ./Sources/Events.o
 .group         0x00000000        0x8 ./Sources/Events.o
 .group         0x00000000        0x8 ./Sources/Events.o
 .text          0x00000000        0x0 ./Sources/Events.o
 .data          0x00000000        0x0 ./Sources/Events.o
 .bss           0x00000000        0x0 ./Sources/Events.o
 .debug_macro   0x00000000      0x850 ./Sources/Events.o
 .debug_macro   0x00000000      0x214 ./Sources/Events.o
 .debug_macro   0x00000000     0x178a ./Sources/Events.o
 .debug_macro   0x00000000      0x14e ./Sources/Events.o
 .debug_macro   0x00000000       0x6a ./Sources/Events.o
 .debug_macro   0x00000000    0x10f7a ./Sources/Events.o
 .debug_macro   0x00000000       0x2e ./Sources/Events.o
 .debug_macro   0x00000000       0x2e ./Sources/Events.o
 .debug_macro   0x00000000       0x95 ./Sources/Events.o
 .debug_macro   0x00000000       0x16 ./Sources/Events.o
 .debug_macro   0x00000000      0x471 ./Sources/Events.o
 .debug_macro   0x00000000       0x94 ./Sources/Events.o
 .debug_macro   0x00000000      0x12b ./Sources/Events.o
 .debug_macro   0x00000000       0x46 ./Sources/Events.o
 .debug_macro   0x00000000       0x4c ./Sources/Events.o
 .debug_macro   0x00000000       0x4c ./Sources/Events.o
 .debug_macro   0x00000000      0x4e9 ./Sources/Events.o
 .debug_macro   0x00000000       0x28 ./Sources/Events.o
 .group         0x00000000        0x8 ./Sources/main.o
 .group         0x00000000        0x8 ./Sources/main.o
 .group         0x00000000        0x8 ./Sources/main.o
 .group         0x00000000        0x8 ./Sources/main.o
 .group         0x00000000        0x8 ./Sources/main.o
 .group         0x00000000        0x8 ./Sources/main.o
 .group         0x00000000        0x8 ./Sources/main.o
 .group         0x00000000        0x8 ./Sources/main.o
 .group         0x00000000        0x8 ./Sources/main.o
 .group         0x00000000        0x8 ./Sources/main.o
 .group         0x00000000        0x8 ./Sources/main.o
 .group         0x00000000        0x8 ./Sources/main.o
 .group         0x00000000        0x8 ./Sources/main.o
 .group         0x00000000        0x8 ./Sources/main.o
 .group         0x00000000        0x8 ./Sources/main.o
 .group         0x00000000        0x8 ./Sources/main.o
 .group         0x00000000        0x8 ./Sources/main.o
 .group         0x00000000        0x8 ./Sources/main.o
 .group         0x00000000        0x8 ./Sources/main.o
 .group         0x00000000        0x8 ./Sources/main.o
 .group         0x00000000        0x8 ./Sources/main.o
 .group         0x00000000        0x8 ./Sources/main.o
 .group         0x00000000        0x8 ./Sources/main.o
 .group         0x00000000        0x8 ./Sources/main.o
 .group         0x00000000        0x8 ./Sources/main.o
 .group         0x00000000        0x8 ./Sources/main.o
 .group         0x00000000        0x8 ./Sources/main.o
 .group         0x00000000        0x8 ./Sources/main.o
 .group         0x00000000        0x8 ./Sources/main.o
 .group         0x00000000        0x8 ./Sources/main.o
 .group         0x00000000        0x8 ./Sources/main.o
 .group         0x00000000        0x8 ./Sources/main.o
 .group         0x00000000        0x8 ./Sources/main.o
 .group         0x00000000        0x8 ./Sources/main.o
 .group         0x00000000        0x8 ./Sources/main.o
 .group         0x00000000        0x8 ./Sources/main.o
 .group         0x00000000        0x8 ./Sources/main.o
 .group         0x00000000        0x8 ./Sources/main.o
 .group         0x00000000        0x8 ./Sources/main.o
 .group         0x00000000        0x8 ./Sources/main.o
 .group         0x00000000        0x8 ./Sources/main.o
 .group         0x00000000        0x8 ./Sources/main.o
 .group         0x00000000        0x8 ./Sources/main.o
 .group         0x00000000        0x8 ./Sources/main.o
 .group         0x00000000        0x8 ./Sources/main.o
 .group         0x00000000        0x8 ./Sources/main.o
 .group         0x00000000        0x8 ./Sources/main.o
 .group         0x00000000        0x8 ./Sources/main.o
 .group         0x00000000        0x8 ./Sources/main.o
 .group         0x00000000        0x8 ./Sources/main.o
 .group         0x00000000        0x8 ./Sources/main.o
 .group         0x00000000        0x8 ./Sources/main.o
 .text          0x00000000        0x0 ./Sources/main.o
 .data          0x00000000        0x0 ./Sources/main.o
 .bss           0x00000000        0x0 ./Sources/main.o
 .debug_macro   0x00000000      0x850 ./Sources/main.o
 .debug_macro   0x00000000      0x214 ./Sources/main.o
 .debug_macro   0x00000000     0x178a ./Sources/main.o
 .debug_macro   0x00000000      0x14e ./Sources/main.o
 .debug_macro   0x00000000       0x6a ./Sources/main.o
 .debug_macro   0x00000000    0x10f7a ./Sources/main.o
 .debug_macro   0x00000000       0x2e ./Sources/main.o
 .debug_macro   0x00000000       0x2e ./Sources/main.o
 .debug_macro   0x00000000       0x95 ./Sources/main.o
 .debug_macro   0x00000000       0x16 ./Sources/main.o
 .debug_macro   0x00000000      0x471 ./Sources/main.o
 .debug_macro   0x00000000       0x94 ./Sources/main.o
 .debug_macro   0x00000000      0x12b ./Sources/main.o
 .debug_macro   0x00000000       0x46 ./Sources/main.o
 .debug_macro   0x00000000       0x4c ./Sources/main.o
 .debug_macro   0x00000000       0x4c ./Sources/main.o
 .debug_macro   0x00000000      0x4e9 ./Sources/main.o
 .debug_macro   0x00000000       0x28 ./Sources/main.o
 .debug_macro   0x00000000      0x61c ./Sources/main.o
 .debug_macro   0x00000000      0x626 ./Sources/main.o
 .debug_macro   0x00000000      0x327 ./Sources/main.o
 .debug_macro   0x00000000      0x1e8 ./Sources/main.o
 .debug_macro   0x00000000      0x109 ./Sources/main.o
 .debug_macro   0x00000000      0x17e ./Sources/main.o
 .debug_macro   0x00000000      0x200 ./Sources/main.o
 .debug_macro   0x00000000      0x91e ./Sources/main.o
 .debug_macro   0x00000000      0x588 ./Sources/main.o
 .debug_macro   0x00000000       0x9e ./Sources/main.o
 .debug_macro   0x00000000      0x1f7 ./Sources/main.o
 .debug_macro   0x00000000      0x50f ./Sources/main.o
 .debug_macro   0x00000000      0x6a6 ./Sources/main.o
 .debug_macro   0x00000000      0x297 ./Sources/main.o
 .debug_macro   0x00000000      0x318 ./Sources/main.o
 .debug_macro   0x00000000      0x25a ./Sources/main.o
 .debug_macro   0x00000000      0x13d ./Sources/main.o
 .debug_macro   0x00000000      0x30b ./Sources/main.o
 .debug_macro   0x00000000       0xba ./Sources/main.o
 .debug_macro   0x00000000       0xe9 ./Sources/main.o
 .debug_macro   0x00000000      0x191 ./Sources/main.o
 .debug_macro   0x00000000       0xea ./Sources/main.o
 .debug_macro   0x00000000      0x348 ./Sources/main.o
 .debug_macro   0x00000000      0x7d6 ./Sources/main.o
 .debug_macro   0x00000000      0x179 ./Sources/main.o
 .debug_macro   0x00000000      0x645 ./Sources/main.o
 .debug_macro   0x00000000      0x8d8 ./Sources/main.o
 .debug_macro   0x00000000      0x11c ./Sources/main.o
 .debug_macro   0x00000000      0x648 ./Sources/main.o
 .debug_macro   0x00000000       0x81 ./Sources/main.o
 .debug_macro   0x00000000      0x7bf ./Sources/main.o
 .debug_macro   0x00000000      0x10f ./Sources/main.o
 .debug_macro   0x00000000      0x614 ./Sources/main.o
 .debug_macro   0x00000000      0x181 ./Sources/main.o
 .group         0x00000000        0x8 ./Generated_Code/Cpu.o
 .group         0x00000000        0x8 ./Generated_Code/Cpu.o
 .group         0x00000000        0x8 ./Generated_Code/Cpu.o
 .group         0x00000000        0x8 ./Generated_Code/Cpu.o
 .group         0x00000000        0x8 ./Generated_Code/Cpu.o
 .group         0x00000000        0x8 ./Generated_Code/Cpu.o
 .group         0x00000000        0x8 ./Generated_Code/Cpu.o
 .group         0x00000000        0x8 ./Generated_Code/Cpu.o
 .group         0x00000000        0x8 ./Generated_Code/Cpu.o
 .group         0x00000000        0x8 ./Generated_Code/Cpu.o
 .group         0x00000000        0x8 ./Generated_Code/Cpu.o
 .group         0x00000000        0x8 ./Generated_Code/Cpu.o
 .group         0x00000000        0x8 ./Generated_Code/Cpu.o
 .group         0x00000000        0x8 ./Generated_Code/Cpu.o
 .group         0x00000000        0x8 ./Generated_Code/Cpu.o
 .group         0x00000000        0x8 ./Generated_Code/Cpu.o
 .group         0x00000000        0x8 ./Generated_Code/Cpu.o
 .group         0x00000000        0x8 ./Generated_Code/Cpu.o
 .text          0x00000000        0x0 ./Generated_Code/Cpu.o
 .data          0x00000000        0x0 ./Generated_Code/Cpu.o
 .bss           0x00000000        0x0 ./Generated_Code/Cpu.o
 .debug_macro   0x00000000      0x850 ./Generated_Code/Cpu.o
 .debug_macro   0x00000000      0x214 ./Generated_Code/Cpu.o
 .debug_macro   0x00000000     0x178a ./Generated_Code/Cpu.o
 .debug_macro   0x00000000      0x14e ./Generated_Code/Cpu.o
 .debug_macro   0x00000000       0x6a ./Generated_Code/Cpu.o
 .debug_macro   0x00000000    0x10f7a ./Generated_Code/Cpu.o
 .debug_macro   0x00000000       0x2e ./Generated_Code/Cpu.o
 .debug_macro   0x00000000       0x2e ./Generated_Code/Cpu.o
 .debug_macro   0x00000000       0x95 ./Generated_Code/Cpu.o
 .debug_macro   0x00000000       0x16 ./Generated_Code/Cpu.o
 .debug_macro   0x00000000      0x471 ./Generated_Code/Cpu.o
 .debug_macro   0x00000000       0x94 ./Generated_Code/Cpu.o
 .debug_macro   0x00000000      0x12b ./Generated_Code/Cpu.o
 .debug_macro   0x00000000       0x46 ./Generated_Code/Cpu.o
 .debug_macro   0x00000000       0x4c ./Generated_Code/Cpu.o
 .debug_macro   0x00000000       0x4c ./Generated_Code/Cpu.o
 .debug_macro   0x00000000      0x4e9 ./Generated_Code/Cpu.o
 .debug_macro   0x00000000       0x28 ./Generated_Code/Cpu.o
 .group         0x00000000        0x8 ./Generated_Code/EInt1.o
 .group         0x00000000        0x8 ./Generated_Code/EInt1.o
 .group         0x00000000        0x8 ./Generated_Code/EInt1.o
 .group         0x00000000        0x8 ./Generated_Code/EInt1.o
 .group         0x00000000        0x8 ./Generated_Code/EInt1.o
 .group         0x00000000        0x8 ./Generated_Code/EInt1.o
 .group         0x00000000        0x8 ./Generated_Code/EInt1.o
 .group         0x00000000        0x8 ./Generated_Code/EInt1.o
 .group         0x00000000        0x8 ./Generated_Code/EInt1.o
 .group         0x00000000        0x8 ./Generated_Code/EInt1.o
 .group         0x00000000        0x8 ./Generated_Code/EInt1.o
 .group         0x00000000        0x8 ./Generated_Code/EInt1.o
 .group         0x00000000        0x8 ./Generated_Code/EInt1.o
 .group         0x00000000        0x8 ./Generated_Code/EInt1.o
 .group         0x00000000        0x8 ./Generated_Code/EInt1.o
 .group         0x00000000        0x8 ./Generated_Code/EInt1.o
 .group         0x00000000        0x8 ./Generated_Code/EInt1.o
 .group         0x00000000        0x8 ./Generated_Code/EInt1.o
 .text          0x00000000        0x0 ./Generated_Code/EInt1.o
 .data          0x00000000        0x0 ./Generated_Code/EInt1.o
 .bss           0x00000000        0x0 ./Generated_Code/EInt1.o
 .debug_macro   0x00000000      0x850 ./Generated_Code/EInt1.o
 .debug_macro   0x00000000      0x214 ./Generated_Code/EInt1.o
 .debug_macro   0x00000000     0x178a ./Generated_Code/EInt1.o
 .debug_macro   0x00000000      0x14e ./Generated_Code/EInt1.o
 .debug_macro   0x00000000       0x6a ./Generated_Code/EInt1.o
 .debug_macro   0x00000000    0x10f7a ./Generated_Code/EInt1.o
 .debug_macro   0x00000000       0x94 ./Generated_Code/EInt1.o
 .debug_macro   0x00000000      0x12b ./Generated_Code/EInt1.o
 .debug_macro   0x00000000       0x2e ./Generated_Code/EInt1.o
 .debug_macro   0x00000000       0x2e ./Generated_Code/EInt1.o
 .debug_macro   0x00000000       0x95 ./Generated_Code/EInt1.o
 .debug_macro   0x00000000       0x16 ./Generated_Code/EInt1.o
 .debug_macro   0x00000000      0x471 ./Generated_Code/EInt1.o
 .debug_macro   0x00000000       0x46 ./Generated_Code/EInt1.o
 .debug_macro   0x00000000       0x4c ./Generated_Code/EInt1.o
 .debug_macro   0x00000000       0x4c ./Generated_Code/EInt1.o
 .debug_macro   0x00000000      0x4e9 ./Generated_Code/EInt1.o
 .debug_macro   0x00000000       0x28 ./Generated_Code/EInt1.o
 .group         0x00000000        0x8 ./Generated_Code/LED_B.o
 .group         0x00000000        0x8 ./Generated_Code/LED_B.o
 .group         0x00000000        0x8 ./Generated_Code/LED_B.o
 .group         0x00000000        0x8 ./Generated_Code/LED_B.o
 .group         0x00000000        0x8 ./Generated_Code/LED_B.o
 .group         0x00000000        0x8 ./Generated_Code/LED_B.o
 .group         0x00000000        0x8 ./Generated_Code/LED_B.o
 .group         0x00000000        0x8 ./Generated_Code/LED_B.o
 .group         0x00000000        0x8 ./Generated_Code/LED_B.o
 .group         0x00000000        0x8 ./Generated_Code/LED_B.o
 .group         0x00000000        0x8 ./Generated_Code/LED_B.o
 .group         0x00000000        0x8 ./Generated_Code/LED_B.o
 .group         0x00000000        0x8 ./Generated_Code/LED_B.o
 .group         0x00000000        0x8 ./Generated_Code/LED_B.o
 .text          0x00000000        0x0 ./Generated_Code/LED_B.o
 .data          0x00000000        0x0 ./Generated_Code/LED_B.o
 .bss           0x00000000        0x0 ./Generated_Code/LED_B.o
 .text.LED_B_GetVal
                0x00000000       0x30 ./Generated_Code/LED_B.o
 .text.LED_B_PutVal
                0x00000000       0x3c ./Generated_Code/LED_B.o
 .text.LED_B_ClrVal
                0x00000000       0x20 ./Generated_Code/LED_B.o
 .debug_macro   0x00000000      0x850 ./Generated_Code/LED_B.o
 .debug_macro   0x00000000      0x214 ./Generated_Code/LED_B.o
 .debug_macro   0x00000000     0x178a ./Generated_Code/LED_B.o
 .debug_macro   0x00000000      0x14e ./Generated_Code/LED_B.o
 .debug_macro   0x00000000       0x6a ./Generated_Code/LED_B.o
 .debug_macro   0x00000000    0x10f7a ./Generated_Code/LED_B.o
 .debug_macro   0x00000000       0x94 ./Generated_Code/LED_B.o
 .debug_macro   0x00000000      0x12b ./Generated_Code/LED_B.o
 .debug_macro   0x00000000       0x2e ./Generated_Code/LED_B.o
 .debug_macro   0x00000000       0x2e ./Generated_Code/LED_B.o
 .debug_macro   0x00000000       0x95 ./Generated_Code/LED_B.o
 .debug_macro   0x00000000       0x16 ./Generated_Code/LED_B.o
 .debug_macro   0x00000000      0x471 ./Generated_Code/LED_B.o
 .group         0x00000000        0x8 ./Generated_Code/LED_G.o
 .group         0x00000000        0x8 ./Generated_Code/LED_G.o
 .group         0x00000000        0x8 ./Generated_Code/LED_G.o
 .group         0x00000000        0x8 ./Generated_Code/LED_G.o
 .group         0x00000000        0x8 ./Generated_Code/LED_G.o
 .group         0x00000000        0x8 ./Generated_Code/LED_G.o
 .group         0x00000000        0x8 ./Generated_Code/LED_G.o
 .group         0x00000000        0x8 ./Generated_Code/LED_G.o
 .group         0x00000000        0x8 ./Generated_Code/LED_G.o
 .group         0x00000000        0x8 ./Generated_Code/LED_G.o
 .group         0x00000000        0x8 ./Generated_Code/LED_G.o
 .group         0x00000000        0x8 ./Generated_Code/LED_G.o
 .group         0x00000000        0x8 ./Generated_Code/LED_G.o
 .group         0x00000000        0x8 ./Generated_Code/LED_G.o
 .text          0x00000000        0x0 ./Generated_Code/LED_G.o
 .data          0x00000000        0x0 ./Generated_Code/LED_G.o
 .bss           0x00000000        0x0 ./Generated_Code/LED_G.o
 .text.LED_G_GetVal
                0x00000000       0x30 ./Generated_Code/LED_G.o
 .text.LED_G_PutVal
                0x00000000       0x3c ./Generated_Code/LED_G.o
 .text.LED_G_ClrVal
                0x00000000       0x20 ./Generated_Code/LED_G.o
 .debug_macro   0x00000000      0x850 ./Generated_Code/LED_G.o
 .debug_macro   0x00000000      0x214 ./Generated_Code/LED_G.o
 .debug_macro   0x00000000     0x178a ./Generated_Code/LED_G.o
 .debug_macro   0x00000000      0x14e ./Generated_Code/LED_G.o
 .debug_macro   0x00000000       0x6a ./Generated_Code/LED_G.o
 .debug_macro   0x00000000    0x10f7a ./Generated_Code/LED_G.o
 .debug_macro   0x00000000       0x94 ./Generated_Code/LED_G.o
 .debug_macro   0x00000000      0x12b ./Generated_Code/LED_G.o
 .debug_macro   0x00000000       0x2e ./Generated_Code/LED_G.o
 .debug_macro   0x00000000       0x2e ./Generated_Code/LED_G.o
 .debug_macro   0x00000000       0x95 ./Generated_Code/LED_G.o
 .debug_macro   0x00000000       0x16 ./Generated_Code/LED_G.o
 .debug_macro   0x00000000      0x471 ./Generated_Code/LED_G.o
 .group         0x00000000        0x8 ./Generated_Code/LED_R.o
 .group         0x00000000        0x8 ./Generated_Code/LED_R.o
 .group         0x00000000        0x8 ./Generated_Code/LED_R.o
 .group         0x00000000        0x8 ./Generated_Code/LED_R.o
 .group         0x00000000        0x8 ./Generated_Code/LED_R.o
 .group         0x00000000        0x8 ./Generated_Code/LED_R.o
 .group         0x00000000        0x8 ./Generated_Code/LED_R.o
 .group         0x00000000        0x8 ./Generated_Code/LED_R.o
 .group         0x00000000        0x8 ./Generated_Code/LED_R.o
 .group         0x00000000        0x8 ./Generated_Code/LED_R.o
 .group         0x00000000        0x8 ./Generated_Code/LED_R.o
 .group         0x00000000        0x8 ./Generated_Code/LED_R.o
 .group         0x00000000        0x8 ./Generated_Code/LED_R.o
 .group         0x00000000        0x8 ./Generated_Code/LED_R.o
 .text          0x00000000        0x0 ./Generated_Code/LED_R.o
 .data          0x00000000        0x0 ./Generated_Code/LED_R.o
 .bss           0x00000000        0x0 ./Generated_Code/LED_R.o
 .text.LED_R_GetVal
                0x00000000       0x30 ./Generated_Code/LED_R.o
 .text.LED_R_PutVal
                0x00000000       0x3c ./Generated_Code/LED_R.o
 .text.LED_R_ClrVal
                0x00000000       0x20 ./Generated_Code/LED_R.o
 .debug_macro   0x00000000      0x850 ./Generated_Code/LED_R.o
 .debug_macro   0x00000000      0x214 ./Generated_Code/LED_R.o
 .debug_macro   0x00000000     0x178a ./Generated_Code/LED_R.o
 .debug_macro   0x00000000      0x14e ./Generated_Code/LED_R.o
 .debug_macro   0x00000000       0x6a ./Generated_Code/LED_R.o
 .debug_macro   0x00000000    0x10f7a ./Generated_Code/LED_R.o
 .debug_macro   0x00000000       0x94 ./Generated_Code/LED_R.o
 .debug_macro   0x00000000      0x12b ./Generated_Code/LED_R.o
 .debug_macro   0x00000000       0x2e ./Generated_Code/LED_R.o
 .debug_macro   0x00000000       0x2e ./Generated_Code/LED_R.o
 .debug_macro   0x00000000       0x95 ./Generated_Code/LED_R.o
 .debug_macro   0x00000000       0x16 ./Generated_Code/LED_R.o
 .debug_macro   0x00000000      0x471 ./Generated_Code/LED_R.o
 .debug_macro   0x00000000       0x46 ./Generated_Code/LED_R.o
 .group         0x00000000        0x8 ./Generated_Code/PE_LDD.o
 .group         0x00000000        0x8 ./Generated_Code/PE_LDD.o
 .group         0x00000000        0x8 ./Generated_Code/PE_LDD.o
 .group         0x00000000        0x8 ./Generated_Code/PE_LDD.o
 .group         0x00000000        0x8 ./Generated_Code/PE_LDD.o
 .group         0x00000000        0x8 ./Generated_Code/PE_LDD.o
 .group         0x00000000        0x8 ./Generated_Code/PE_LDD.o
 .group         0x00000000        0x8 ./Generated_Code/PE_LDD.o
 .group         0x00000000        0x8 ./Generated_Code/PE_LDD.o
 .group         0x00000000        0x8 ./Generated_Code/PE_LDD.o
 .group         0x00000000        0x8 ./Generated_Code/PE_LDD.o
 .group         0x00000000        0x8 ./Generated_Code/PE_LDD.o
 .group         0x00000000        0x8 ./Generated_Code/PE_LDD.o
 .group         0x00000000        0x8 ./Generated_Code/PE_LDD.o
 .group         0x00000000        0x8 ./Generated_Code/PE_LDD.o
 .group         0x00000000        0x8 ./Generated_Code/PE_LDD.o
 .group         0x00000000        0x8 ./Generated_Code/PE_LDD.o
 .group         0x00000000        0x8 ./Generated_Code/PE_LDD.o
 .text          0x00000000        0x0 ./Generated_Code/PE_LDD.o
 .data          0x00000000        0x0 ./Generated_Code/PE_LDD.o
 .bss           0x00000000        0x0 ./Generated_Code/PE_LDD.o
 .rodata.PE_CpuClockConfigurations
                0x00000000       0x28 ./Generated_Code/PE_LDD.o
 .text.PE_FillMemory
                0x00000000       0x24 ./Generated_Code/PE_LDD.o
 .text.PE_PeripheralUsed
                0x00000000       0x48 ./Generated_Code/PE_LDD.o
 .text.LDD_SetClockConfiguration
                0x00000000       0x14 ./Generated_Code/PE_LDD.o
 .debug_macro   0x00000000      0x850 ./Generated_Code/PE_LDD.o
 .debug_macro   0x00000000      0x214 ./Generated_Code/PE_LDD.o
 .debug_macro   0x00000000     0x178a ./Generated_Code/PE_LDD.o
 .debug_macro   0x00000000      0x14e ./Generated_Code/PE_LDD.o
 .debug_macro   0x00000000       0x6a ./Generated_Code/PE_LDD.o
 .debug_macro   0x00000000    0x10f7a ./Generated_Code/PE_LDD.o
 .debug_macro   0x00000000       0x94 ./Generated_Code/PE_LDD.o
 .debug_macro   0x00000000      0x12b ./Generated_Code/PE_LDD.o
 .debug_macro   0x00000000       0x2e ./Generated_Code/PE_LDD.o
 .debug_macro   0x00000000       0x2e ./Generated_Code/PE_LDD.o
 .debug_macro   0x00000000       0x95 ./Generated_Code/PE_LDD.o
 .debug_macro   0x00000000       0x16 ./Generated_Code/PE_LDD.o
 .debug_macro   0x00000000      0x471 ./Generated_Code/PE_LDD.o
 .debug_macro   0x00000000       0x46 ./Generated_Code/PE_LDD.o
 .debug_macro   0x00000000       0x4c ./Generated_Code/PE_LDD.o
 .debug_macro   0x00000000       0x4c ./Generated_Code/PE_LDD.o
 .debug_macro   0x00000000      0x4e9 ./Generated_Code/PE_LDD.o
 .debug_macro   0x00000000       0x28 ./Generated_Code/PE_LDD.o
 .group         0x00000000        0x8 ./External_Modules/startup.o
 .group         0x00000000        0x8 ./External_Modules/startup.o
 .group         0x00000000        0x8 ./External_Modules/startup.o
 .group         0x00000000        0x8 ./External_Modules/startup.o
 .group         0x00000000        0x8 ./External_Modules/startup.o
 .group         0x00000000        0x8 ./External_Modules/startup.o
 .group         0x00000000        0x8 ./External_Modules/startup.o
 .group         0x00000000        0x8 ./External_Modules/startup.o
 .group         0x00000000        0x8 ./External_Modules/startup.o
 .group         0x00000000        0x8 ./External_Modules/startup.o
 .group         0x00000000        0x8 ./External_Modules/startup.o
 .group         0x00000000        0x8 ./External_Modules/startup.o
 .text          0x00000000        0x0 ./External_Modules/startup.o
 .data          0x00000000        0x0 ./External_Modules/startup.o
 .bss           0x00000000        0x0 ./External_Modules/startup.o
 .text.__init_hardware
                0x00000000        0xc ./External_Modules/startup.o
 .text.__iar_program_start
                0x00000000        0xc ./External_Modules/startup.o
 .debug_macro   0x00000000      0x850 ./External_Modules/startup.o
 .debug_macro   0x00000000       0x2e ./External_Modules/startup.o
 .debug_macro   0x00000000       0x2e ./External_Modules/startup.o
 .debug_macro   0x00000000       0x95 ./External_Modules/startup.o
 .text          0x00000000        0x0 c:/freescale/kds_1.1.1/toolchain/bin/../lib/gcc/arm-none-eabi/4.8.0/../../../../arm-none-eabi/lib/m4/fp/v4-sp-d16\libg.a(lib_a-atexit.o)
 .data          0x00000000        0x0 c:/freescale/kds_1.1.1/toolchain/bin/../lib/gcc/arm-none-eabi/4.8.0/../../../../arm-none-eabi/lib/m4/fp/v4-sp-d16\libg.a(lib_a-atexit.o)
 .bss           0x00000000        0x0 c:/freescale/kds_1.1.1/toolchain/bin/../lib/gcc/arm-none-eabi/4.8.0/../../../../arm-none-eabi/lib/m4/fp/v4-sp-d16\libg.a(lib_a-atexit.o)
 .text.atexit   0x00000000        0xc c:/freescale/kds_1.1.1/toolchain/bin/../lib/gcc/arm-none-eabi/4.8.0/../../../../arm-none-eabi/lib/m4/fp/v4-sp-d16\libg.a(lib_a-atexit.o)
 .comment       0x00000000       0x2b c:/freescale/kds_1.1.1/toolchain/bin/../lib/gcc/arm-none-eabi/4.8.0/../../../../arm-none-eabi/lib/m4/fp/v4-sp-d16\libg.a(lib_a-atexit.o)
 .ARM.attributes
                0x00000000       0x39 c:/freescale/kds_1.1.1/toolchain/bin/../lib/gcc/arm-none-eabi/4.8.0/../../../../arm-none-eabi/lib/m4/fp/v4-sp-d16\libg.a(lib_a-atexit.o)
 .text          0x00000000        0x0 c:/freescale/kds_1.1.1/toolchain/bin/../lib/gcc/arm-none-eabi/4.8.0/../../../../arm-none-eabi/lib/m4/fp/v4-sp-d16\libg.a(lib_a-exit.o)
 .data          0x00000000        0x0 c:/freescale/kds_1.1.1/toolchain/bin/../lib/gcc/arm-none-eabi/4.8.0/../../../../arm-none-eabi/lib/m4/fp/v4-sp-d16\libg.a(lib_a-exit.o)
 .bss           0x00000000        0x0 c:/freescale/kds_1.1.1/toolchain/bin/../lib/gcc/arm-none-eabi/4.8.0/../../../../arm-none-eabi/lib/m4/fp/v4-sp-d16\libg.a(lib_a-exit.o)
 .text.exit     0x00000000       0x20 c:/freescale/kds_1.1.1/toolchain/bin/../lib/gcc/arm-none-eabi/4.8.0/../../../../arm-none-eabi/lib/m4/fp/v4-sp-d16\libg.a(lib_a-exit.o)
 .comment       0x00000000       0x2b c:/freescale/kds_1.1.1/toolchain/bin/../lib/gcc/arm-none-eabi/4.8.0/../../../../arm-none-eabi/lib/m4/fp/v4-sp-d16\libg.a(lib_a-exit.o)
 .ARM.attributes
                0x00000000       0x39 c:/freescale/kds_1.1.1/toolchain/bin/../lib/gcc/arm-none-eabi/4.8.0/../../../../arm-none-eabi/lib/m4/fp/v4-sp-d16\libg.a(lib_a-exit.o)
 .text          0x00000000        0x0 c:/freescale/kds_1.1.1/toolchain/bin/../lib/gcc/arm-none-eabi/4.8.0/../../../../arm-none-eabi/lib/m4/fp/v4-sp-d16\libg.a(lib_a-impure.o)
 .data          0x00000000        0x0 c:/freescale/kds_1.1.1/toolchain/bin/../lib/gcc/arm-none-eabi/4.8.0/../../../../arm-none-eabi/lib/m4/fp/v4-sp-d16\libg.a(lib_a-impure.o)
 .bss           0x00000000        0x0 c:/freescale/kds_1.1.1/toolchain/bin/../lib/gcc/arm-none-eabi/4.8.0/../../../../arm-none-eabi/lib/m4/fp/v4-sp-d16\libg.a(lib_a-impure.o)
 .data.impure_data
                0x00000000      0x428 c:/freescale/kds_1.1.1/toolchain/bin/../lib/gcc/arm-none-eabi/4.8.0/../../../../arm-none-eabi/lib/m4/fp/v4-sp-d16\libg.a(lib_a-impure.o)
 .data._impure_ptr
                0x00000000        0x4 c:/freescale/kds_1.1.1/toolchain/bin/../lib/gcc/arm-none-eabi/4.8.0/../../../../arm-none-eabi/lib/m4/fp/v4-sp-d16\libg.a(lib_a-impure.o)
 .rodata.str1.1
                0x00000000        0x2 c:/freescale/kds_1.1.1/toolchain/bin/../lib/gcc/arm-none-eabi/4.8.0/../../../../arm-none-eabi/lib/m4/fp/v4-sp-d16\libg.a(lib_a-impure.o)
 .rodata._global_impure_ptr
                0x00000000        0x4 c:/freescale/kds_1.1.1/toolchain/bin/../lib/gcc/arm-none-eabi/4.8.0/../../../../arm-none-eabi/lib/m4/fp/v4-sp-d16\libg.a(lib_a-impure.o)
 .comment       0x00000000       0x2b c:/freescale/kds_1.1.1/toolchain/bin/../lib/gcc/arm-none-eabi/4.8.0/../../../../arm-none-eabi/lib/m4/fp/v4-sp-d16\libg.a(lib_a-impure.o)
 .ARM.attributes
                0x00000000       0x39 c:/freescale/kds_1.1.1/toolchain/bin/../lib/gcc/arm-none-eabi/4.8.0/../../../../arm-none-eabi/lib/m4/fp/v4-sp-d16\libg.a(lib_a-impure.o)
 .text          0x00000000        0x0 c:/freescale/kds_1.1.1/toolchain/bin/../lib/gcc/arm-none-eabi/4.8.0/../../../../arm-none-eabi/lib/m4/fp/v4-sp-d16\libg.a(lib_a-memset.o)
 .data          0x00000000        0x0 c:/freescale/kds_1.1.1/toolchain/bin/../lib/gcc/arm-none-eabi/4.8.0/../../../../arm-none-eabi/lib/m4/fp/v4-sp-d16\libg.a(lib_a-memset.o)
 .bss           0x00000000        0x0 c:/freescale/kds_1.1.1/toolchain/bin/../lib/gcc/arm-none-eabi/4.8.0/../../../../arm-none-eabi/lib/m4/fp/v4-sp-d16\libg.a(lib_a-memset.o)
 .text.memset   0x00000000       0x10 c:/freescale/kds_1.1.1/toolchain/bin/../lib/gcc/arm-none-eabi/4.8.0/../../../../arm-none-eabi/lib/m4/fp/v4-sp-d16\libg.a(lib_a-memset.o)
 .comment       0x00000000       0x2b c:/freescale/kds_1.1.1/toolchain/bin/../lib/gcc/arm-none-eabi/4.8.0/../../../../arm-none-eabi/lib/m4/fp/v4-sp-d16\libg.a(lib_a-memset.o)
 .ARM.attributes
                0x00000000       0x39 c:/freescale/kds_1.1.1/toolchain/bin/../lib/gcc/arm-none-eabi/4.8.0/../../../../arm-none-eabi/lib/m4/fp/v4-sp-d16\libg.a(lib_a-memset.o)
 .text          0x00000000        0x0 c:/freescale/kds_1.1.1/toolchain/bin/../lib/gcc/arm-none-eabi/4.8.0/../../../../arm-none-eabi/lib/m4/fp/v4-sp-d16\libg.a(lib_a-syscalls.o)
 .data          0x00000000        0x0 c:/freescale/kds_1.1.1/toolchain/bin/../lib/gcc/arm-none-eabi/4.8.0/../../../../arm-none-eabi/lib/m4/fp/v4-sp-d16\libg.a(lib_a-syscalls.o)
 .bss           0x00000000        0x0 c:/freescale/kds_1.1.1/toolchain/bin/../lib/gcc/arm-none-eabi/4.8.0/../../../../arm-none-eabi/lib/m4/fp/v4-sp-d16\libg.a(lib_a-syscalls.o)
 .text.invalid_fd
                0x00000000       0x1c c:/freescale/kds_1.1.1/toolchain/bin/../lib/gcc/arm-none-eabi/4.8.0/../../../../arm-none-eabi/lib/m4/fp/v4-sp-d16\libg.a(lib_a-syscalls.o)
 .text.error    0x00000000       0x1c c:/freescale/kds_1.1.1/toolchain/bin/../lib/gcc/arm-none-eabi/4.8.0/../../../../arm-none-eabi/lib/m4/fp/v4-sp-d16\libg.a(lib_a-syscalls.o)
 .text.findslot.part.0
                0x00000000       0x1c c:/freescale/kds_1.1.1/toolchain/bin/../lib/gcc/arm-none-eabi/4.8.0/../../../../arm-none-eabi/lib/m4/fp/v4-sp-d16\libg.a(lib_a-syscalls.o)
 .text.initialise_monitor_handles
                0x00000000       0x80 c:/freescale/kds_1.1.1/toolchain/bin/../lib/gcc/arm-none-eabi/4.8.0/../../../../arm-none-eabi/lib/m4/fp/v4-sp-d16\libg.a(lib_a-syscalls.o)
 .text._swiread
                0x00000000       0x24 c:/freescale/kds_1.1.1/toolchain/bin/../lib/gcc/arm-none-eabi/4.8.0/../../../../arm-none-eabi/lib/m4/fp/v4-sp-d16\libg.a(lib_a-syscalls.o)
 .text._read    0x00000000       0x70 c:/freescale/kds_1.1.1/toolchain/bin/../lib/gcc/arm-none-eabi/4.8.0/../../../../arm-none-eabi/lib/m4/fp/v4-sp-d16\libg.a(lib_a-syscalls.o)
 .text._swilseek
                0x00000000       0xa0 c:/freescale/kds_1.1.1/toolchain/bin/../lib/gcc/arm-none-eabi/4.8.0/../../../../arm-none-eabi/lib/m4/fp/v4-sp-d16\libg.a(lib_a-syscalls.o)
 .text._lseek   0x00000000       0x14 c:/freescale/kds_1.1.1/toolchain/bin/../lib/gcc/arm-none-eabi/4.8.0/../../../../arm-none-eabi/lib/m4/fp/v4-sp-d16\libg.a(lib_a-syscalls.o)
 .text._swiwrite
                0x00000000       0x24 c:/freescale/kds_1.1.1/toolchain/bin/../lib/gcc/arm-none-eabi/4.8.0/../../../../arm-none-eabi/lib/m4/fp/v4-sp-d16\libg.a(lib_a-syscalls.o)
 .text._write   0x00000000       0x74 c:/freescale/kds_1.1.1/toolchain/bin/../lib/gcc/arm-none-eabi/4.8.0/../../../../arm-none-eabi/lib/m4/fp/v4-sp-d16\libg.a(lib_a-syscalls.o)
 .text._swiopen
                0x00000000       0x88 c:/freescale/kds_1.1.1/toolchain/bin/../lib/gcc/arm-none-eabi/4.8.0/../../../../arm-none-eabi/lib/m4/fp/v4-sp-d16\libg.a(lib_a-syscalls.o)
 .text._open    0x00000000       0x20 c:/freescale/kds_1.1.1/toolchain/bin/../lib/gcc/arm-none-eabi/4.8.0/../../../../arm-none-eabi/lib/m4/fp/v4-sp-d16\libg.a(lib_a-syscalls.o)
 .text._swiclose
                0x00000000       0x48 c:/freescale/kds_1.1.1/toolchain/bin/../lib/gcc/arm-none-eabi/4.8.0/../../../../arm-none-eabi/lib/m4/fp/v4-sp-d16\libg.a(lib_a-syscalls.o)
 .text._close   0x00000000       0x14 c:/freescale/kds_1.1.1/toolchain/bin/../lib/gcc/arm-none-eabi/4.8.0/../../../../arm-none-eabi/lib/m4/fp/v4-sp-d16\libg.a(lib_a-syscalls.o)
 .text._kill    0x00000000       0x20 c:/freescale/kds_1.1.1/toolchain/bin/../lib/gcc/arm-none-eabi/4.8.0/../../../../arm-none-eabi/lib/m4/fp/v4-sp-d16\libg.a(lib_a-syscalls.o)
 .text._exit    0x00000000        0xc c:/freescale/kds_1.1.1/toolchain/bin/../lib/gcc/arm-none-eabi/4.8.0/../../../../arm-none-eabi/lib/m4/fp/v4-sp-d16\libg.a(lib_a-syscalls.o)
 .text._getpid  0x00000000        0x4 c:/freescale/kds_1.1.1/toolchain/bin/../lib/gcc/arm-none-eabi/4.8.0/../../../../arm-none-eabi/lib/m4/fp/v4-sp-d16\libg.a(lib_a-syscalls.o)
 .text._sbrk    0x00000000       0x38 c:/freescale/kds_1.1.1/toolchain/bin/../lib/gcc/arm-none-eabi/4.8.0/../../../../arm-none-eabi/lib/m4/fp/v4-sp-d16\libg.a(lib_a-syscalls.o)
 .text._fstat   0x00000000       0x1e c:/freescale/kds_1.1.1/toolchain/bin/../lib/gcc/arm-none-eabi/4.8.0/../../../../arm-none-eabi/lib/m4/fp/v4-sp-d16\libg.a(lib_a-syscalls.o)
 .text._stat    0x00000000       0x34 c:/freescale/kds_1.1.1/toolchain/bin/../lib/gcc/arm-none-eabi/4.8.0/../../../../arm-none-eabi/lib/m4/fp/v4-sp-d16\libg.a(lib_a-syscalls.o)
 .text._link    0x00000000        0x6 c:/freescale/kds_1.1.1/toolchain/bin/../lib/gcc/arm-none-eabi/4.8.0/../../../../arm-none-eabi/lib/m4/fp/v4-sp-d16\libg.a(lib_a-syscalls.o)
 .text._unlink  0x00000000       0x2c c:/freescale/kds_1.1.1/toolchain/bin/../lib/gcc/arm-none-eabi/4.8.0/../../../../arm-none-eabi/lib/m4/fp/v4-sp-d16\libg.a(lib_a-syscalls.o)
 .text._raise   0x00000000        0x2 c:/freescale/kds_1.1.1/toolchain/bin/../lib/gcc/arm-none-eabi/4.8.0/../../../../arm-none-eabi/lib/m4/fp/v4-sp-d16\libg.a(lib_a-syscalls.o)
 .text._gettimeofday
                0x00000000       0x26 c:/freescale/kds_1.1.1/toolchain/bin/../lib/gcc/arm-none-eabi/4.8.0/../../../../arm-none-eabi/lib/m4/fp/v4-sp-d16\libg.a(lib_a-syscalls.o)
 .text._times   0x00000000       0x20 c:/freescale/kds_1.1.1/toolchain/bin/../lib/gcc/arm-none-eabi/4.8.0/../../../../arm-none-eabi/lib/m4/fp/v4-sp-d16\libg.a(lib_a-syscalls.o)
 .text._isatty  0x00000000       0x40 c:/freescale/kds_1.1.1/toolchain/bin/../lib/gcc/arm-none-eabi/4.8.0/../../../../arm-none-eabi/lib/m4/fp/v4-sp-d16\libg.a(lib_a-syscalls.o)
 .text._system  0x00000000       0x3e c:/freescale/kds_1.1.1/toolchain/bin/../lib/gcc/arm-none-eabi/4.8.0/../../../../arm-none-eabi/lib/m4/fp/v4-sp-d16\libg.a(lib_a-syscalls.o)
 .text._rename  0x00000000       0x3a c:/freescale/kds_1.1.1/toolchain/bin/../lib/gcc/arm-none-eabi/4.8.0/../../../../arm-none-eabi/lib/m4/fp/v4-sp-d16\libg.a(lib_a-syscalls.o)
 .bss.monitor_stdout
                0x00000000        0x4 c:/freescale/kds_1.1.1/toolchain/bin/../lib/gcc/arm-none-eabi/4.8.0/../../../../arm-none-eabi/lib/m4/fp/v4-sp-d16\libg.a(lib_a-syscalls.o)
 .bss.monitor_stdin
                0x00000000        0x4 c:/freescale/kds_1.1.1/toolchain/bin/../lib/gcc/arm-none-eabi/4.8.0/../../../../arm-none-eabi/lib/m4/fp/v4-sp-d16\libg.a(lib_a-syscalls.o)
 .rodata.str1.1
                0x00000000        0x4 c:/freescale/kds_1.1.1/toolchain/bin/../lib/gcc/arm-none-eabi/4.8.0/../../../../arm-none-eabi/lib/m4/fp/v4-sp-d16\libg.a(lib_a-syscalls.o)
 .bss.heap_end.5177
                0x00000000        0x4 c:/freescale/kds_1.1.1/toolchain/bin/../lib/gcc/arm-none-eabi/4.8.0/../../../../arm-none-eabi/lib/m4/fp/v4-sp-d16\libg.a(lib_a-syscalls.o)
 .bss.monitor_stderr
                0x00000000        0x4 c:/freescale/kds_1.1.1/toolchain/bin/../lib/gcc/arm-none-eabi/4.8.0/../../../../arm-none-eabi/lib/m4/fp/v4-sp-d16\libg.a(lib_a-syscalls.o)
 .bss.openfiles
                0x00000000       0xa0 c:/freescale/kds_1.1.1/toolchain/bin/../lib/gcc/arm-none-eabi/4.8.0/../../../../arm-none-eabi/lib/m4/fp/v4-sp-d16\libg.a(lib_a-syscalls.o)
 .comment       0x00000000       0x2b c:/freescale/kds_1.1.1/toolchain/bin/../lib/gcc/arm-none-eabi/4.8.0/../../../../arm-none-eabi/lib/m4/fp/v4-sp-d16\libg.a(lib_a-syscalls.o)
 .ARM.attributes
                0x00000000       0x39 c:/freescale/kds_1.1.1/toolchain/bin/../lib/gcc/arm-none-eabi/4.8.0/../../../../arm-none-eabi/lib/m4/fp/v4-sp-d16\libg.a(lib_a-syscalls.o)
 .text          0x00000000        0x0 c:/freescale/kds_1.1.1/toolchain/bin/../lib/gcc/arm-none-eabi/4.8.0/../../../../arm-none-eabi/lib/m4/fp/v4-sp-d16\libg.a(lib_a-__atexit.o)
 .data          0x00000000        0x0 c:/freescale/kds_1.1.1/toolchain/bin/../lib/gcc/arm-none-eabi/4.8.0/../../../../arm-none-eabi/lib/m4/fp/v4-sp-d16\libg.a(lib_a-__atexit.o)
 .bss           0x00000000        0x0 c:/freescale/kds_1.1.1/toolchain/bin/../lib/gcc/arm-none-eabi/4.8.0/../../../../arm-none-eabi/lib/m4/fp/v4-sp-d16\libg.a(lib_a-__atexit.o)
 .text.__register_exitproc
                0x00000000       0x98 c:/freescale/kds_1.1.1/toolchain/bin/../lib/gcc/arm-none-eabi/4.8.0/../../../../arm-none-eabi/lib/m4/fp/v4-sp-d16\libg.a(lib_a-__atexit.o)
 .comment       0x00000000       0x2b c:/freescale/kds_1.1.1/toolchain/bin/../lib/gcc/arm-none-eabi/4.8.0/../../../../arm-none-eabi/lib/m4/fp/v4-sp-d16\libg.a(lib_a-__atexit.o)
 .ARM.attributes
                0x00000000       0x39 c:/freescale/kds_1.1.1/toolchain/bin/../lib/gcc/arm-none-eabi/4.8.0/../../../../arm-none-eabi/lib/m4/fp/v4-sp-d16\libg.a(lib_a-__atexit.o)
 .text          0x00000000        0x0 c:/freescale/kds_1.1.1/toolchain/bin/../lib/gcc/arm-none-eabi/4.8.0/../../../../arm-none-eabi/lib/m4/fp/v4-sp-d16\libg.a(lib_a-__call_atexit.o)
 .data          0x00000000        0x0 c:/freescale/kds_1.1.1/toolchain/bin/../lib/gcc/arm-none-eabi/4.8.0/../../../../arm-none-eabi/lib/m4/fp/v4-sp-d16\libg.a(lib_a-__call_atexit.o)
 .bss           0x00000000        0x0 c:/freescale/kds_1.1.1/toolchain/bin/../lib/gcc/arm-none-eabi/4.8.0/../../../../arm-none-eabi/lib/m4/fp/v4-sp-d16\libg.a(lib_a-__call_atexit.o)
 .text.__call_exitprocs
                0x00000000       0xd0 c:/freescale/kds_1.1.1/toolchain/bin/../lib/gcc/arm-none-eabi/4.8.0/../../../../arm-none-eabi/lib/m4/fp/v4-sp-d16\libg.a(lib_a-__call_atexit.o)
 .comment       0x00000000       0x2b c:/freescale/kds_1.1.1/toolchain/bin/../lib/gcc/arm-none-eabi/4.8.0/../../../../arm-none-eabi/lib/m4/fp/v4-sp-d16\libg.a(lib_a-__call_atexit.o)
 .ARM.attributes
                0x00000000       0x39 c:/freescale/kds_1.1.1/toolchain/bin/../lib/gcc/arm-none-eabi/4.8.0/../../../../arm-none-eabi/lib/m4/fp/v4-sp-d16\libg.a(lib_a-__call_atexit.o)
 .text          0x00000000        0x0 c:/freescale/kds_1.1.1/toolchain/bin/../lib/gcc/arm-none-eabi/4.8.0/../../../../arm-none-eabi/lib/m4/fp/v4-sp-d16\libg.a(lib_a-errno.o)
 .data          0x00000000        0x0 c:/freescale/kds_1.1.1/toolchain/bin/../lib/gcc/arm-none-eabi/4.8.0/../../../../arm-none-eabi/lib/m4/fp/v4-sp-d16\libg.a(lib_a-errno.o)
 .bss           0x00000000        0x0 c:/freescale/kds_1.1.1/toolchain/bin/../lib/gcc/arm-none-eabi/4.8.0/../../../../arm-none-eabi/lib/m4/fp/v4-sp-d16\libg.a(lib_a-errno.o)
 .text.__errno  0x00000000        0xc c:/freescale/kds_1.1.1/toolchain/bin/../lib/gcc/arm-none-eabi/4.8.0/../../../../arm-none-eabi/lib/m4/fp/v4-sp-d16\libg.a(lib_a-errno.o)
 .comment       0x00000000       0x2b c:/freescale/kds_1.1.1/toolchain/bin/../lib/gcc/arm-none-eabi/4.8.0/../../../../arm-none-eabi/lib/m4/fp/v4-sp-d16\libg.a(lib_a-errno.o)
 .ARM.attributes
                0x00000000       0x39 c:/freescale/kds_1.1.1/toolchain/bin/../lib/gcc/arm-none-eabi/4.8.0/../../../../arm-none-eabi/lib/m4/fp/v4-sp-d16\libg.a(lib_a-errno.o)
 .text          0x00000000        0x0 c:/freescale/kds_1.1.1/toolchain/bin/../lib/gcc/arm-none-eabi/4.8.0/../../../../arm-none-eabi/lib/m4/fp/v4-sp-d16\libg.a(lib_a-strlen.o)
 .data          0x00000000        0x0 c:/freescale/kds_1.1.1/toolchain/bin/../lib/gcc/arm-none-eabi/4.8.0/../../../../arm-none-eabi/lib/m4/fp/v4-sp-d16\libg.a(lib_a-strlen.o)
 .bss           0x00000000        0x0 c:/freescale/kds_1.1.1/toolchain/bin/../lib/gcc/arm-none-eabi/4.8.0/../../../../arm-none-eabi/lib/m4/fp/v4-sp-d16\libg.a(lib_a-strlen.o)
 .text.strlen   0x00000000       0x10 c:/freescale/kds_1.1.1/toolchain/bin/../lib/gcc/arm-none-eabi/4.8.0/../../../../arm-none-eabi/lib/m4/fp/v4-sp-d16\libg.a(lib_a-strlen.o)
 .comment       0x00000000       0x2b c:/freescale/kds_1.1.1/toolchain/bin/../lib/gcc/arm-none-eabi/4.8.0/../../../../arm-none-eabi/lib/m4/fp/v4-sp-d16\libg.a(lib_a-strlen.o)
 .ARM.attributes
                0x00000000       0x39 c:/freescale/kds_1.1.1/toolchain/bin/../lib/gcc/arm-none-eabi/4.8.0/../../../../arm-none-eabi/lib/m4/fp/v4-sp-d16\libg.a(lib_a-strlen.o)
 .text          0x00000000        0x0 c:/freescale/kds_1.1.1/toolchain/bin/../lib/gcc/arm-none-eabi/4.8.0/m4/fp/v4-sp-d16/crtend.o
 .data          0x00000000        0x0 c:/freescale/kds_1.1.1/toolchain/bin/../lib/gcc/arm-none-eabi/4.8.0/m4/fp/v4-sp-d16/crtend.o
 .bss           0x00000000        0x0 c:/freescale/kds_1.1.1/toolchain/bin/../lib/gcc/arm-none-eabi/4.8.0/m4/fp/v4-sp-d16/crtend.o
 .eh_frame      0x00000000        0x4 c:/freescale/kds_1.1.1/toolchain/bin/../lib/gcc/arm-none-eabi/4.8.0/m4/fp/v4-sp-d16/crtend.o
 .jcr           0x00000000        0x4 c:/freescale/kds_1.1.1/toolchain/bin/../lib/gcc/arm-none-eabi/4.8.0/m4/fp/v4-sp-d16/crtend.o
 .text          0x00000000        0x0 c:/freescale/kds_1.1.1/toolchain/bin/../lib/gcc/arm-none-eabi/4.8.0/m4/fp/v4-sp-d16/crtn.o
 .data          0x00000000        0x0 c:/freescale/kds_1.1.1/toolchain/bin/../lib/gcc/arm-none-eabi/4.8.0/m4/fp/v4-sp-d16/crtn.o
 .bss           0x00000000        0x0 c:/freescale/kds_1.1.1/toolchain/bin/../lib/gcc/arm-none-eabi/4.8.0/m4/fp/v4-sp-d16/crtn.o

Memory Configuration

Name             Origin             Length             Attributes
m_interrupts     0x00000000         0x00000198         xr
m_text           0x00000410         0x000ffbf0         xr
m_data_1FFF0000  0x1fff0000         0x00010000         rw
m_data           0x20000000         0x00030000         rw
m_cfmprotrom     0x00000400         0x00000010         xr
*default*        0x00000000         0xffffffff

Linker script and memory map

LOAD c:/freescale/kds_1.1.1/toolchain/bin/../lib/gcc/arm-none-eabi/4.8.0/m4/fp/v4-sp-d16/crti.o
LOAD c:/freescale/kds_1.1.1/toolchain/bin/../lib/gcc/arm-none-eabi/4.8.0/m4/fp/v4-sp-d16/crtbegin.o
LOAD c:/freescale/kds_1.1.1/toolchain/bin/../lib/gcc/arm-none-eabi/4.8.0/../../../../arm-none-eabi/lib/m4/fp/v4-sp-d16/crt0.o
LOAD ./Static_Code/System/CPU_Init.o
LOAD ./Static_Code/System/Peripherals_Init.o
LOAD ./Static_Code/System/Vectors.o
LOAD ./Sources/Events.o
LOAD ./Sources/main.o
LOAD ./Generated_Code/Cpu.o
LOAD ./Generated_Code/EInt1.o
LOAD ./Generated_Code/LED_B.o
LOAD ./Generated_Code/LED_G.o
LOAD ./Generated_Code/LED_R.o
LOAD ./Generated_Code/PE_LDD.o
LOAD ./External_Modules/startup.o
LOAD c:/freescale/kds_1.1.1/toolchain/bin/../lib/gcc/arm-none-eabi/4.8.0/../../../../arm-none-eabi/lib/m4/fp/v4-sp-d16\libstdc++.a
LOAD c:/freescale/kds_1.1.1/toolchain/bin/../lib/gcc/arm-none-eabi/4.8.0/../../../../arm-none-eabi/lib/m4/fp/v4-sp-d16\libm.a
START GROUP
LOAD c:/freescale/kds_1.1.1/toolchain/bin/../lib/gcc/arm-none-eabi/4.8.0/m4/fp/v4-sp-d16\libgcc.a
LOAD c:/freescale/kds_1.1.1/toolchain/bin/../lib/gcc/arm-none-eabi/4.8.0/../../../../arm-none-eabi/lib/m4/fp/v4-sp-d16\libg.a
LOAD c:/freescale/kds_1.1.1/toolchain/bin/../lib/gcc/arm-none-eabi/4.8.0/../../../../arm-none-eabi/lib/m4/fp/v4-sp-d16\libc.a
END GROUP
LOAD c:/freescale/kds_1.1.1/toolchain/bin/../lib/gcc/arm-none-eabi/4.8.0/m4/fp/v4-sp-d16/crtend.o
LOAD c:/freescale/kds_1.1.1/toolchain/bin/../lib/gcc/arm-none-eabi/4.8.0/m4/fp/v4-sp-d16/crtn.o
                0x20030000                _estack = 0x20030000
                0x20030000                __SP_INIT = _estack
                0x00000000                __heap_size = 0x0
                0x00000400                __stack_size = 0x400

.interrupts     0x00000000      0x198
                0x00000000                __vector_table = .
                0x00000000                . = ALIGN (0x4)
 *(.vectortable)
 .vectortable   0x00000000      0x198 ./Static_Code/System/Vectors.o
                0x00000000                __vect_table
                0x00000198                . = ALIGN (0x4)

.cfmprotect     0x00000400       0x10
                0x00000400                . = ALIGN (0x4)
 *(.cfmconfig)
 .cfmconfig     0x00000400       0x10 ./Static_Code/System/CPU_Init.o
                0x00000400                _cfm
                0x00000410                . = ALIGN (0x4)

.text           0x00000410     0x1340
                0x00000410                . = ALIGN (0x4)
 *(.text)
 *(.text*)
 .text.deregister_tm_clones
                0x00000410       0x20 c:/freescale/kds_1.1.1/toolchain/bin/../lib/gcc/arm-none-eabi/4.8.0/m4/fp/v4-sp-d16/crtbegin.o
 .text.register_tm_clones
                0x00000430       0x28 c:/freescale/kds_1.1.1/toolchain/bin/../lib/gcc/arm-none-eabi/4.8.0/m4/fp/v4-sp-d16/crtbegin.o
 .text.__do_global_dtors_aux
                0x00000458       0x2c c:/freescale/kds_1.1.1/toolchain/bin/../lib/gcc/arm-none-eabi/4.8.0/m4/fp/v4-sp-d16/crtbegin.o
 .text.frame_dummy
                0x00000484       0x38 c:/freescale/kds_1.1.1/toolchain/bin/../lib/gcc/arm-none-eabi/4.8.0/m4/fp/v4-sp-d16/crtbegin.o
 .text.CPU_SetBASEPRI
                0x000004bc       0x18 ./Static_Code/System/CPU_Init.o
                0x000004bc                CPU_SetBASEPRI
 .text.__init_hardware
                0x000004d4       0xb4 ./Static_Code/System/CPU_Init.o
                0x000004d4                __init_hardware
 .text.PE_low_level_init
                0x00000588       0x60 ./Static_Code/System/CPU_Init.o
                0x00000588                PE_low_level_init
 .text.CPU_GetClockGenMode
                0x000005e8       0xb0 ./Static_Code/System/CPU_Init.o
                0x000005e8                CPU_GetClockGenMode
 .text.CPU_SetClockConfigGenMode
                0x00000698      0x7b4 ./Static_Code/System/CPU_Init.o
                0x00000698                CPU_SetClockConfigGenMode
 .text.UnhandledInterrupt
                0x00000e4c       0x18 ./Static_Code/System/Vectors.o
                0x00000e4c                UnhandledInterrupt
 .text.Cpu_OnNMI
                0x00000e64        0xc ./Sources/Events.o
                0x00000e64                Cpu_OnNMI
 .text.EInt1_OnInterrupt
                0x00000e70       0x28 ./Sources/Events.o
                0x00000e70                EInt1_OnInterrupt
 .text.main     0x00000e98       0x7c ./Sources/main.o
                0x00000e98                main
 .text.Components_Init
                0x00000f14       0x20 ./Generated_Code/Cpu.o
                0x00000f14                Components_Init
 .text.Cpu_INT_NMIInterrupt
                0x00000f34       0x1c ./Generated_Code/Cpu.o
                0x00000f34                Cpu_INT_NMIInterrupt
 .text.EInt1_Init
                0x00000f50       0xd8 ./Generated_Code/EInt1.o
                0x00000f50                EInt1_Init
 .text.EInt1_Interrupt
                0x00001028       0x48 ./Generated_Code/EInt1.o
                0x00001028                EInt1_Interrupt
 .text.LED_B_Init
                0x00001070       0xa8 ./Generated_Code/LED_B.o
                0x00001070                LED_B_Init
 .text.LED_B_SetVal
                0x00001118       0x20 ./Generated_Code/LED_B.o
                0x00001118                LED_B_SetVal
 .text.LED_B_NegVal
                0x00001138       0x20 ./Generated_Code/LED_B.o
                0x00001138                LED_B_NegVal
 .text.LED_G_Init
                0x00001158       0xa8 ./Generated_Code/LED_G.o
                0x00001158                LED_G_Init
 .text.LED_G_SetVal
                0x00001200       0x20 ./Generated_Code/LED_G.o
                0x00001200                LED_G_SetVal
 .text.LED_G_NegVal
                0x00001220       0x20 ./Generated_Code/LED_G.o
                0x00001220                LED_G_NegVal
 .text.LED_R_Init
                0x00001240       0xa8 ./Generated_Code/LED_R.o
                0x00001240                LED_R_Init
 .text.LED_R_SetVal
                0x000012e8       0x20 ./Generated_Code/LED_R.o
                0x000012e8                LED_R_SetVal
 .text.LED_R_NegVal
                0x00001308       0x20 ./Generated_Code/LED_R.o
                0x00001308                LED_R_NegVal
 .text.__flush_cache
                0x00001328       0x14 ./External_Modules/startup.o
                0x00001328                __flush_cache
 .text.__copy_rom_section
                0x0000133c       0xe4 ./External_Modules/startup.o
                0x0000133c                __copy_rom_section
 .text.__copy_rom_sections_to_ram
                0x00001420       0xf8 ./External_Modules/startup.o
                0x00001420                __copy_rom_sections_to_ram
 .text.zero_fill_bss
                0x00001518       0xbc ./External_Modules/startup.o
 .text.__init_registers
                0x000015d4        0xc ./External_Modules/startup.o
                0x000015d4                __init_registers
 .text.__init_user
                0x000015e0        0xc ./External_Modules/startup.o
                0x000015e0                __init_user
 .text.__thumb_startup
                0x000015ec       0x50 ./External_Modules/startup.o
                0x000015ec                __thumb_startup
 *(.rodata)
 *(.rodata*)
 .rodata.ClockGenModeMatrix
                0x0000163c       0x80 ./Static_Code/System/CPU_Init.o
 .rodata.CPU_ClockConfigDescriptors
                0x000016bc       0x1c ./Static_Code/System/CPU_Init.o
 .rodata.CPU_DefaultFEI
                0x000016d8        0x8 ./Static_Code/System/CPU_Init.o
 .rodata.CPU_DefaultFBI
                0x000016e0        0x8 ./Static_Code/System/CPU_Init.o
 .rodata.CPU_DefaultBLPI
                0x000016e8        0x8 ./Static_Code/System/CPU_Init.o
 .rodata.CPU_DefaultFEE
                0x000016f0        0x8 ./Static_Code/System/CPU_Init.o
 .rodata.CPU_DefaultFBE
                0x000016f8        0x8 ./Static_Code/System/CPU_Init.o
 .rodata.CPU_DefaultBLPE
                0x00001700        0x8 ./Static_Code/System/CPU_Init.o
 .rodata.CPU_DefaultPBE
                0x00001708        0x8 ./Static_Code/System/CPU_Init.o
 .rodata.CPU_DefaultPEE
                0x00001710        0x8 ./Static_Code/System/CPU_Init.o
 .rodata.CPU_ClockGenModeRegs
                0x00001718       0x20 ./Static_Code/System/CPU_Init.o
 *(.glue_7)
 .glue_7        0x00000000        0x0 linker stubs
 *(.glue_7t)
 .glue_7t       0x00000000        0x0 linker stubs
 *(.eh_frame)
 .eh_frame      0x00001738        0x0 c:/freescale/kds_1.1.1/toolchain/bin/../lib/gcc/arm-none-eabi/4.8.0/m4/fp/v4-sp-d16/crtbegin.o
 *(.init)
 .init          0x00001738        0x4 c:/freescale/kds_1.1.1/toolchain/bin/../lib/gcc/arm-none-eabi/4.8.0/m4/fp/v4-sp-d16/crti.o
                0x00001738                _init
 .init          0x0000173c        0x8 c:/freescale/kds_1.1.1/toolchain/bin/../lib/gcc/arm-none-eabi/4.8.0/m4/fp/v4-sp-d16/crtn.o
 *(.fini)
 .fini          0x00001744        0x4 c:/freescale/kds_1.1.1/toolchain/bin/../lib/gcc/arm-none-eabi/4.8.0/m4/fp/v4-sp-d16/crti.o
                0x00001744                _fini
 .fini          0x00001748        0x8 c:/freescale/kds_1.1.1/toolchain/bin/../lib/gcc/arm-none-eabi/4.8.0/m4/fp/v4-sp-d16/crtn.o
                0x00001750                . = ALIGN (0x4)
                0x00001750                _etext = .

.vfp11_veneer   0x00001750        0x0
 .vfp11_veneer  0x00000000        0x0 linker stubs

.v4_bx          0x00001750        0x0
 .v4_bx         0x00000000        0x0 linker stubs

.iplt           0x00001750        0x0
 .iplt          0x00000000        0x0 c:/freescale/kds_1.1.1/toolchain/bin/../lib/gcc/arm-none-eabi/4.8.0/m4/fp/v4-sp-d16/crtbegin.o

.rel.dyn        0x00001750        0x0
 .rel.iplt      0x00000000        0x0 c:/freescale/kds_1.1.1/toolchain/bin/../lib/gcc/arm-none-eabi/4.8.0/m4/fp/v4-sp-d16/crtbegin.o

.ARM.extab
 *(.ARM.extab* .gnu.linkonce.armextab.*)

.ARM            0x00001750        0x0
                0x00001750                __exidx_start = .
 *(.ARM.exidx*)
                0x00001750                __exidx_end = .

.ctors          0x00001750        0x0
                0x00001750                __CTOR_LIST__ = .
 *crtbegin.o(.ctors)
 *(EXCLUDE_FILE(*crtend.o) .ctors)
 *(SORT(.ctors.*))
 *(.ctors)
                0x00001750                __CTOR_END__ = .

.dtors          0x00001750        0x0
                0x00001750                __DTOR_LIST__ = .
 *crtbegin.o(.dtors)
 *(EXCLUDE_FILE(*crtend.o) .dtors)
 *(SORT(.dtors.*))
 *(.dtors)
                0x00001750                __DTOR_END__ = .

.preinit_array  0x00001750        0x0
                0x00001750                PROVIDE (__preinit_array_start, .)
 *(.preinit_array*)
                0x00001750                PROVIDE (__preinit_array_end, .)

.init_array     0x00001750        0x4
                0x00001750                PROVIDE (__init_array_start, .)
 *(SORT(.init_array.*))
 *(.init_array*)
 .init_array    0x00001750        0x4 c:/freescale/kds_1.1.1/toolchain/bin/../lib/gcc/arm-none-eabi/4.8.0/m4/fp/v4-sp-d16/crtbegin.o
                0x00001754                PROVIDE (__init_array_end, .)

.fini_array     0x00001754        0x4
                0x00001754                PROVIDE (__fini_array_start, .)
 *(SORT(.fini_array.*))
 *(.fini_array*)
 .fini_array    0x00001754        0x4 c:/freescale/kds_1.1.1/toolchain/bin/../lib/gcc/arm-none-eabi/4.8.0/m4/fp/v4-sp-d16/crtbegin.o
                0x00001758                PROVIDE (__fini_array_end, .)
                0x00001758                ___ROM_AT = .

.data           0x20000000        0x0 load address 0x00001758
                0x20000000                . = ALIGN (0x4)
                0x20000000                _sdata = .
 *(.data)
 *(.data*)
                0x20000000                . = ALIGN (0x4)
                0x20000000                _edata = .
                0x00000000                ___data_size = (_edata - _sdata)
                0x00001758                ___m_data_1FFF0000_ROMStart = (___ROM_AT + SIZEOF (.data))

.jcr            0x20000000        0x0
 .jcr           0x20000000        0x0 c:/freescale/kds_1.1.1/toolchain/bin/../lib/gcc/arm-none-eabi/4.8.0/m4/fp/v4-sp-d16/crtbegin.o

.tm_clone_table
                0x20000000        0x0
 .tm_clone_table
                0x20000000        0x0 c:/freescale/kds_1.1.1/toolchain/bin/../lib/gcc/arm-none-eabi/4.8.0/m4/fp/v4-sp-d16/crtbegin.o
 .tm_clone_table
                0x20000000        0x0 c:/freescale/kds_1.1.1/toolchain/bin/../lib/gcc/arm-none-eabi/4.8.0/m4/fp/v4-sp-d16/crtend.o

.igot.plt       0x20000000        0x0
 .igot.plt      0x00000000        0x0 c:/freescale/kds_1.1.1/toolchain/bin/../lib/gcc/arm-none-eabi/4.8.0/m4/fp/v4-sp-d16/crtbegin.o

.m_data_1FFF0000
                0x1fff0000        0x0 load address 0x00001758
                0x1fff0000                . = ALIGN (0x4)
                0x1fff0000                ___m_data_1FFF0000_RAMStart = .
 *(.m_data_1FFF0000)
                0x1fff0000                ___m_data_1FFF0000_RAMEnd = .
                0x1fff0000                . = ALIGN (0x4)
                0x00000000                ___m_data_1FFF0000_ROMSize = (___m_data_1FFF0000_RAMEnd - ___m_data_1FFF0000_RAMStart)
                0x1fff0000                . = ALIGN (0x4)

.bss            0x20000000       0x6c
                0x20000000                __START_BSS = .
                0x20000000                PROVIDE (__bss_start__, __START_BSS)
 *(.bss)
 *(.bss*)
 .bss.completed.6137
                0x20000000        0x1 c:/freescale/kds_1.1.1/toolchain/bin/../lib/gcc/arm-none-eabi/4.8.0/m4/fp/v4-sp-d16/crtbegin.o
 *fill*         0x20000001        0x3 
 .bss.object.6142
                0x20000004       0x18 c:/freescale/kds_1.1.1/toolchain/bin/../lib/gcc/arm-none-eabi/4.8.0/m4/fp/v4-sp-d16/crtbegin.o
 .bss.x         0x2000001c        0x4 ./Sources/Events.o
                0x2000001c                x
 .bss.DeviceDataPrv__DEFAULT_RTOS_ALLOC
                0x20000020        0x4 ./Generated_Code/EInt1.o
 .bss.INT_PORTC__DEFAULT_RTOS_ISRPARAM
                0x20000024        0x4 ./Generated_Code/EInt1.o
 .bss.DeviceDataPrv__DEFAULT_RTOS_ALLOC
                0x20000028        0x4 ./Generated_Code/LED_B.o
 .bss.DeviceDataPrv__DEFAULT_RTOS_ALLOC
                0x2000002c        0x4 ./Generated_Code/LED_G.o
 .bss.DeviceDataPrv__DEFAULT_RTOS_ALLOC
                0x20000030        0x4 ./Generated_Code/LED_R.o
 .bss.PE_LDD_DeviceDataList
                0x20000034       0x10 ./Generated_Code/PE_LDD.o
                0x20000034                PE_LDD_DeviceDataList
 .bss.argv      0x20000044       0x28 ./External_Modules/startup.o
 *(COMMON)
                0x2000006c                . = ALIGN (0x4)
                0x2000006c                __END_BSS = .
                0x2000006c                PROVIDE (__bss_end__, __END_BSS)
                0x00001758                _romp_at = ((___ROM_AT + SIZEOF (.data)) + SIZEOF (.m_data_1FFF0000))

.romp           0x2000006c       0x24 load address 0x00001758
                0x00001758                __S_romp = _romp_at
                0x2000006c        0x4 LONG 0x1758 ___ROM_AT
                0x20000070        0x4 LONG 0x20000000 _sdata
                0x20000074        0x4 LONG 0x0 ___data_size
                0x20000078        0x4 LONG 0x1758 ___m_data_1FFF0000_ROMStart
                0x2000007c        0x4 LONG 0x1fff0000 ___m_data_1FFF0000_RAMStart
                0x20000080        0x4 LONG 0x0 ___m_data_1FFF0000_ROMSize
                0x20000084        0x4 LONG 0x0
                0x20000088        0x4 LONG 0x0
                0x2000008c        0x4 LONG 0x0

._user_heap_stack
                0x20000090      0x400 load address 0x0000177c
                0x20000090                . = ALIGN (0x4)
                0x20000090                PROVIDE (end, .)
                0x20000090                PROVIDE (_end, .)
                0x20000090                __heap_addr = .
                0x20000090                __HeapBase = .
                0x20000090                . = (. + __heap_size)
                0x20000090                __HeapLimit = .
                0x20000490                . = (. + __stack_size)
 *fill*         0x20000090      0x400 
                0x20000490                . = ALIGN (0x4)

.ARM.attributes
                0x00000000       0x37
 *(.ARM.attributes)
 .ARM.attributes
                0x00000000       0x27 c:/freescale/kds_1.1.1/toolchain/bin/../lib/gcc/arm-none-eabi/4.8.0/m4/fp/v4-sp-d16/crti.o
 .ARM.attributes
                0x00000027       0x39 c:/freescale/kds_1.1.1/toolchain/bin/../lib/gcc/arm-none-eabi/4.8.0/m4/fp/v4-sp-d16/crtbegin.o
 .ARM.attributes
                0x00000060       0x39 ./Static_Code/System/CPU_Init.o
 .ARM.attributes
                0x00000099       0x39 ./Static_Code/System/Vectors.o
 .ARM.attributes
                0x000000d2       0x39 ./Sources/Events.o
 .ARM.attributes
                0x0000010b       0x39 ./Sources/main.o
 .ARM.attributes
                0x00000144       0x39 ./Generated_Code/Cpu.o
 .ARM.attributes
                0x0000017d       0x39 ./Generated_Code/EInt1.o
 .ARM.attributes
                0x000001b6       0x39 ./Generated_Code/LED_B.o
 .ARM.attributes
                0x000001ef       0x39 ./Generated_Code/LED_G.o
 .ARM.attributes
                0x00000228       0x39 ./Generated_Code/LED_R.o
 .ARM.attributes
                0x00000261       0x39 ./Generated_Code/PE_LDD.o
 .ARM.attributes
                0x0000029a       0x39 ./External_Modules/startup.o
 .ARM.attributes
                0x000002d3       0x39 c:/freescale/kds_1.1.1/toolchain/bin/../lib/gcc/arm-none-eabi/4.8.0/m4/fp/v4-sp-d16/crtend.o
 .ARM.attributes
                0x0000030c       0x27 c:/freescale/kds_1.1.1/toolchain/bin/../lib/gcc/arm-none-eabi/4.8.0/m4/fp/v4-sp-d16/crtn.o
OUTPUT(RGB_Switch Interrupt-K64.elf elf32-littlearm)

.comment        0x00000000       0x2a
 .comment       0x00000000       0x2a c:/freescale/kds_1.1.1/toolchain/bin/../lib/gcc/arm-none-eabi/4.8.0/m4/fp/v4-sp-d16/crtbegin.o
                                 0x2b (size before relaxing)
 .comment       0x00000000       0x2b ./Static_Code/System/CPU_Init.o
 .comment       0x00000000       0x2b ./Static_Code/System/Vectors.o
 .comment       0x00000000       0x2b ./Sources/Events.o
 .comment       0x00000000       0x2b ./Sources/main.o
 .comment       0x00000000       0x2b ./Generated_Code/Cpu.o
 .comment       0x00000000       0x2b ./Generated_Code/EInt1.o
 .comment       0x00000000       0x2b ./Generated_Code/LED_B.o
 .comment       0x00000000       0x2b ./Generated_Code/LED_G.o
 .comment       0x00000000       0x2b ./Generated_Code/LED_R.o
 .comment       0x00000000       0x2b ./Generated_Code/PE_LDD.o
 .comment       0x00000000       0x2b ./External_Modules/startup.o
 .comment       0x00000000       0x2b c:/freescale/kds_1.1.1/toolchain/bin/../lib/gcc/arm-none-eabi/4.8.0/m4/fp/v4-sp-d16/crtend.o

.debug_info     0x00000000     0x2eb9
 .debug_info    0x00000000      0xa59 ./Static_Code/System/CPU_Init.o
 .debug_info    0x00000a59      0x816 ./Static_Code/System/Vectors.o
 .debug_info    0x0000126f       0xd6 ./Sources/Events.o
 .debug_info    0x00001345       0xeb ./Sources/main.o
 .debug_info    0x00001430       0xa7 ./Generated_Code/Cpu.o
 .debug_info    0x000014d7      0x540 ./Generated_Code/EInt1.o
 .debug_info    0x00001a17      0x521 ./Generated_Code/LED_B.o
 .debug_info    0x00001f38      0x521 ./Generated_Code/LED_G.o
 .debug_info    0x00002459      0x521 ./Generated_Code/LED_R.o
 .debug_info    0x0000297a      0x23b ./Generated_Code/PE_LDD.o
 .debug_info    0x00002bb5      0x304 ./External_Modules/startup.o

.debug_abbrev   0x00000000      0xc39
 .debug_abbrev  0x00000000      0x1bd ./Static_Code/System/CPU_Init.o
 .debug_abbrev  0x000001bd       0xd6 ./Static_Code/System/Vectors.o
 .debug_abbrev  0x00000293       0x93 ./Sources/Events.o
 .debug_abbrev  0x00000326       0x8c ./Sources/main.o
 .debug_abbrev  0x000003b2       0x45 ./Generated_Code/Cpu.o
 .debug_abbrev  0x000003f7      0x15d ./Generated_Code/EInt1.o
 .debug_abbrev  0x00000554      0x186 ./Generated_Code/LED_B.o
 .debug_abbrev  0x000006da      0x186 ./Generated_Code/LED_G.o
 .debug_abbrev  0x00000860      0x186 ./Generated_Code/LED_R.o
 .debug_abbrev  0x000009e6      0x10d ./Generated_Code/PE_LDD.o
 .debug_abbrev  0x00000af3      0x146 ./External_Modules/startup.o

.debug_aranges  0x00000000      0x580
 .debug_aranges
                0x00000000       0x40 ./Static_Code/System/CPU_Init.o
 .debug_aranges
                0x00000040      0x340 ./Static_Code/System/Vectors.o
 .debug_aranges
                0x00000380       0x28 ./Sources/Events.o
 .debug_aranges
                0x000003a8       0x20 ./Sources/main.o
 .debug_aranges
                0x000003c8       0x28 ./Generated_Code/Cpu.o
 .debug_aranges
                0x000003f0       0x28 ./Generated_Code/EInt1.o
 .debug_aranges
                0x00000418       0x48 ./Generated_Code/LED_B.o
 .debug_aranges
                0x00000460       0x48 ./Generated_Code/LED_G.o
 .debug_aranges
                0x000004a8       0x48 ./Generated_Code/LED_R.o
 .debug_aranges
                0x000004f0       0x30 ./Generated_Code/PE_LDD.o
 .debug_aranges
                0x00000520       0x60 ./External_Modules/startup.o

.debug_ranges   0x00000000      0x4d0
 .debug_ranges  0x00000000       0x30 ./Static_Code/System/CPU_Init.o
 .debug_ranges  0x00000030      0x330 ./Static_Code/System/Vectors.o
 .debug_ranges  0x00000360       0x18 ./Sources/Events.o
 .debug_ranges  0x00000378       0x10 ./Sources/main.o
 .debug_ranges  0x00000388       0x18 ./Generated_Code/Cpu.o
 .debug_ranges  0x000003a0       0x18 ./Generated_Code/EInt1.o
 .debug_ranges  0x000003b8       0x38 ./Generated_Code/LED_B.o
 .debug_ranges  0x000003f0       0x38 ./Generated_Code/LED_G.o
 .debug_ranges  0x00000428       0x38 ./Generated_Code/LED_R.o
 .debug_ranges  0x00000460       0x20 ./Generated_Code/PE_LDD.o
 .debug_ranges  0x00000480       0x50 ./External_Modules/startup.o

.debug_macro    0x00000000    0x1cc92
 .debug_macro   0x00000000      0x163 ./Static_Code/System/CPU_Init.o
 .debug_macro   0x00000163      0x850 ./Static_Code/System/CPU_Init.o
 .debug_macro   0x000009b3      0x214 ./Static_Code/System/CPU_Init.o
 .debug_macro   0x00000bc7     0x178a ./Static_Code/System/CPU_Init.o
 .debug_macro   0x00002351    0x10f7a ./Static_Code/System/CPU_Init.o
 .debug_macro   0x000132cb      0x471 ./Static_Code/System/CPU_Init.o
 .debug_macro   0x0001373c      0x14e ./Static_Code/System/CPU_Init.o
 .debug_macro   0x0001388a       0x6a ./Static_Code/System/CPU_Init.o
 .debug_macro   0x000138f4       0x2e ./Static_Code/System/CPU_Init.o
 .debug_macro   0x00013922       0x2e ./Static_Code/System/CPU_Init.o
 .debug_macro   0x00013950       0x95 ./Static_Code/System/CPU_Init.o
 .debug_macro   0x000139e5       0x16 ./Static_Code/System/CPU_Init.o
 .debug_macro   0x000139fb       0x94 ./Static_Code/System/CPU_Init.o
 .debug_macro   0x00013a8f      0x12b ./Static_Code/System/CPU_Init.o
 .debug_macro   0x00013bba       0x46 ./Static_Code/System/CPU_Init.o
 .debug_macro   0x00013c00       0x4c ./Static_Code/System/CPU_Init.o
 .debug_macro   0x00013c4c       0x4c ./Static_Code/System/CPU_Init.o
 .debug_macro   0x00013c98      0x4e9 ./Static_Code/System/CPU_Init.o
 .debug_macro   0x00014181       0x28 ./Static_Code/System/CPU_Init.o
 .debug_macro   0x000141a9      0x295 ./Static_Code/System/CPU_Init.o
 .debug_macro   0x0001443e      0x151 ./Static_Code/System/Vectors.o
 .debug_macro   0x0001458f      0x272 ./Sources/Events.o
 .debug_macro   0x00014801      0x61c ./Sources/Events.o
 .debug_macro   0x00014e1d      0x626 ./Sources/Events.o
 .debug_macro   0x00015443      0x327 ./Sources/Events.o
 .debug_macro   0x0001576a      0x1e8 ./Sources/Events.o
 .debug_macro   0x00015952      0x109 ./Sources/Events.o
 .debug_macro   0x00015a5b      0x17e ./Sources/Events.o
 .debug_macro   0x00015bd9      0x200 ./Sources/Events.o
 .debug_macro   0x00015dd9      0x91e ./Sources/Events.o
 .debug_macro   0x000166f7      0x588 ./Sources/Events.o
 .debug_macro   0x00016c7f       0x9e ./Sources/Events.o
 .debug_macro   0x00016d1d      0x1f7 ./Sources/Events.o
 .debug_macro   0x00016f14      0x50f ./Sources/Events.o
 .debug_macro   0x00017423      0x6a6 ./Sources/Events.o
 .debug_macro   0x00017ac9      0x297 ./Sources/Events.o
 .debug_macro   0x00017d60      0x318 ./Sources/Events.o
 .debug_macro   0x00018078      0x25a ./Sources/Events.o
 .debug_macro   0x000182d2      0x13d ./Sources/Events.o
 .debug_macro   0x0001840f      0x30b ./Sources/Events.o
 .debug_macro   0x0001871a       0xba ./Sources/Events.o
 .debug_macro   0x000187d4       0xe9 ./Sources/Events.o
 .debug_macro   0x000188bd      0x191 ./Sources/Events.o
 .debug_macro   0x00018a4e       0xea ./Sources/Events.o
 .debug_macro   0x00018b38      0x348 ./Sources/Events.o
 .debug_macro   0x00018e80      0x7d6 ./Sources/Events.o
 .debug_macro   0x00019656      0x179 ./Sources/Events.o
 .debug_macro   0x000197cf      0x645 ./Sources/Events.o
 .debug_macro   0x00019e14      0x8d8 ./Sources/Events.o
 .debug_macro   0x0001a6ec      0x11c ./Sources/Events.o
 .debug_macro   0x0001a808      0x648 ./Sources/Events.o
 .debug_macro   0x0001ae50       0x81 ./Sources/Events.o
 .debug_macro   0x0001aed1      0x7bf ./Sources/Events.o
 .debug_macro   0x0001b690      0x10f ./Sources/Events.o
 .debug_macro   0x0001b79f      0x614 ./Sources/Events.o
 .debug_macro   0x0001bdb3      0x181 ./Sources/Events.o
 .debug_macro   0x0001bf34      0x272 ./Sources/main.o
 .debug_macro   0x0001c1a6      0x146 ./Generated_Code/Cpu.o
 .debug_macro   0x0001c2ec      0x128 ./Generated_Code/EInt1.o
 .debug_macro   0x0001c414       0xe0 ./Generated_Code/LED_B.o
 .debug_macro   0x0001c4f4       0x46 ./Generated_Code/LED_B.o
 .debug_macro   0x0001c53a       0xe0 ./Generated_Code/LED_G.o
 .debug_macro   0x0001c61a       0x46 ./Generated_Code/LED_G.o
 .debug_macro   0x0001c660       0xe0 ./Generated_Code/LED_R.o
 .debug_macro   0x0001c740      0x114 ./Generated_Code/PE_LDD.o
 .debug_macro   0x0001c854       0xee ./External_Modules/startup.o
 .debug_macro   0x0001c942       0x3a ./External_Modules/startup.o
 .debug_macro   0x0001c97c       0x52 ./External_Modules/startup.o
 .debug_macro   0x0001c9ce       0x19 ./External_Modules/startup.o
 .debug_macro   0x0001c9e7      0x16d ./External_Modules/startup.o
 .debug_macro   0x0001cb54       0x89 ./External_Modules/startup.o
 .debug_macro   0x0001cbdd       0x10 ./External_Modules/startup.o
 .debug_macro   0x0001cbed       0x89 ./External_Modules/startup.o
 .debug_macro   0x0001cc76       0x1c ./External_Modules/startup.o

.debug_line     0x00000000     0x3653
 .debug_line    0x00000000      0x555 ./Static_Code/System/CPU_Init.o
 .debug_line    0x00000555      0xafb ./Static_Code/System/Vectors.o
 .debug_line    0x00001050      0x592 ./Sources/Events.o
 .debug_line    0x000015e2      0x58f ./Sources/main.o
 .debug_line    0x00001b71      0x451 ./Generated_Code/Cpu.o
 .debug_line    0x00001fc2      0x408 ./Generated_Code/EInt1.o
 .debug_line    0x000023ca      0x3c2 ./Generated_Code/LED_B.o
 .debug_line    0x0000278c      0x3c2 ./Generated_Code/LED_G.o
 .debug_line    0x00002b4e      0x3c2 ./Generated_Code/LED_R.o
 .debug_line    0x00002f10      0x3cc ./Generated_Code/PE_LDD.o
 .debug_line    0x000032dc      0x377 ./External_Modules/startup.o

.debug_str      0x00000000    0xe1d91
 .debug_str     0x00000000    0x6ec9e ./Static_Code/System/CPU_Init.o
                              0x6ee08 (size before relaxing)
 .debug_str     0x0006ec9e      0x9c3 ./Static_Code/System/Vectors.o
                              0x6f25c (size before relaxing)
 .debug_str     0x0006f661    0x708b6 ./Sources/Events.o
                              0xde0f8 (size before relaxing)
 .debug_str     0x000dff17       0x42 ./Sources/main.o
                              0xde0f0 (size before relaxing)
 .debug_str     0x000dff59       0x28 ./Generated_Code/Cpu.o
                              0x6d8c3 (size before relaxing)
 .debug_str     0x000dff81      0x102 ./Generated_Code/EInt1.o
                              0x6dad3 (size before relaxing)
 .debug_str     0x000e0083       0xd4 ./Generated_Code/LED_B.o
                              0x6a1a7 (size before relaxing)
 .debug_str     0x000e0157       0x8d ./Generated_Code/LED_G.o
                              0x6a1a7 (size before relaxing)
 .debug_str     0x000e01e4       0x8d ./Generated_Code/LED_R.o
                              0x6a1a7 (size before relaxing)
 .debug_str     0x000e0271      0x166 ./Generated_Code/PE_LDD.o
                              0x6da36 (size before relaxing)
 .debug_str     0x000e03d7     0x19ba ./External_Modules/startup.o
                               0x4169 (size before relaxing)

.debug_frame    0x00000000     0x11f4
 .debug_frame   0x00000000       0x9c ./Static_Code/System/CPU_Init.o
 .debug_frame   0x0000009c      0xcb0 ./Static_Code/System/Vectors.o
 .debug_frame   0x00000d4c       0x44 ./Sources/Events.o
 .debug_frame   0x00000d90       0x30 ./Sources/main.o
 .debug_frame   0x00000dc0       0x50 ./Generated_Code/Cpu.o
 .debug_frame   0x00000e10       0x50 ./Generated_Code/EInt1.o
 .debug_frame   0x00000e60       0xb8 ./Generated_Code/LED_B.o
 .debug_frame   0x00000f18       0xb8 ./Generated_Code/LED_G.o
 .debug_frame   0x00000fd0       0xb8 ./Generated_Code/LED_R.o
 .debug_frame   0x00001088       0x64 ./Generated_Code/PE_LDD.o
 .debug_frame   0x000010ec      0x108 ./External_Modules/startup.o
